(17:55:22) INFO:    [Legendary]:        Legendary location: /opt/Heroic/resources/app.asar.unpacked/build/bin/x64/linux/legendary
(17:55:22) INFO:    [Gog]:              GOGDL location: /opt/Heroic/resources/app.asar.unpacked/build/bin/x64/linux/gogdl
(17:55:22) INFO:    [Connection]:       Connectivity: offline
(17:55:22) INFO:    [Gog]:              Checking for existing gog manifests
(17:55:22) WARNING: [Backend]:          Protocol already registered.
(17:55:22) INFO:    [Legendary]:        Running command: LEGENDARY_CONFIG_PATH=/home/SamDaaEpic/.config/heroic/legendaryConfig/legendary /opt/Heroic/resources/app.asar.unpacked/build/bin/x64/linux/legendary --version
(17:55:22) INFO:    [Gog]:              Running command: GOGDL_CONFIG_PATH=/home/SamDaaEpic/.config/heroic/gogdlConfig /opt/Heroic/resources/app.asar.unpacked/build/bin/x64/linux/gogdl --auth-config-path /home/SamDaaEpic/.config/heroic/gog_store/auth.json --version
(17:55:22) INFO:    [Nile]:             Running command: NILE_CONFIG_PATH=/home/SamDaaEpic/.config/heroic/nile_config /opt/Heroic/resources/app.asar.unpacked/build/bin/x64/linux/nile --version
(17:55:22) ERROR:   [Backend]:          failed to update Error: net::ERR_INTERNET_DISCONNECTED
    at SimpleURLLoaderWrapper.<anonymous> (node:electron/js2c/browser_init:2:115482)
    at SimpleURLLoaderWrapper.emit (node:events:519:28)
(17:55:22) INFO:    [Backend]:          
System Information:
CPU: 8x 11th Gen Intel(R) Core(TM) i5-1145G7 @ 2.60GHz
Memory: 33.34 GB (used: 2.75 GB)
GPUs:
  GPU 0:
    Name: Intel Corporation TigerLake-LP GT2 [Iris Xe Graphics]
    IDs: D=9a49 V=8086 SD=22d5 SV=17aa
    Driver: i915
OS: Arch Linux 6.13.7-arch1-1 (linux)

The current system is not a Steam Deck
We are not running inside a Flatpak container

Software Versions:
  Heroic: 2.16.1 Scopper Gaban
  Legendary: 0.20.36 Urban Flight (Heroic)
  gogdl: 1.1.2
  comet: comet 0.2.0
  Nile: 1.1.2 Will A. Zeppeli

(17:55:22) INFO:    [Frontend]:         Refreshing undefined Library
(17:55:22) WARNING: [Backend]:          refresh not implemented on Sideload Library Manager
(17:55:22) INFO:    [Legendary]:        Refreshing library...
(17:55:22) INFO:    [Legendary]:        Refreshing Epic Games...
(17:55:22) INFO:    [Backend]:          Frontend Ready
(17:55:22) ERROR:   [Backend]:          Failed to get epic service status with {
  "message": "getaddrinfo EAI_AGAIN status.epicgames.com",
  "name": "Error",
  "stack": "Error: getaddrinfo EAI_AGAIN status.epicgames.com\n    at Function.AxiosError.from (/opt/Heroic/resources/app.asar/node_modules/axios/lib/core/AxiosError.js:92:14)\n    at RedirectableRequest.handleRequestError (/opt/Heroic/resources/app.asar/node_modules/axios/lib/adapters/http.js:620:25)\n    at RedirectableRequest.emit (node:events:531:35)\n    at ClientRequest.eventHandlers.<computed> (/opt/Heroic/resources/app.asar/node_modules/follow-redirects/index.js:38:24)\n    at ClientRequest.emit (node:events:519:28)\n    at TLSSocket.socketErrorListener (node:_http_client:500:9)\n    at TLSSocket.emit (node:events:519:28)\n    at emitErrorNT (node:internal/streams/destroy:169:8)\n    at emitErrorCloseNT (node:internal/streams/destroy:128:3)\n    at processTicksAndRejections (node:internal/process/task_queues:82:21)\n    at Axios.request (/opt/Heroic/resources/app.asar/node_modules/axios/lib/core/Axios.js:45:41)\n    at processTicksAndRejections (node:internal/process/task_queues:95:5)\n    at mt (/opt/Heroic/resources/app.asar/build/main/main.js:149:1419)\n    at kg (/opt/Heroic/resources/app.asar/build/main/main.js:124:1500)\n    at Module._g (/opt/Heroic/resources/app.asar/build/main/main.js:124:2231)\n    at async Promise.allSettled (index 2)\n    at /opt/Heroic/resources/app.asar/build/main/main.js:199:6688\n    at WebContents.<anonymous> (node:electron/js2c/browser_init:2:83537)",
  "config": {
    "transitional": {
      "silentJSONParsing": true,
      "forcedJSONParsing": true,
      "clarifyTimeoutError": false
    },
    "adapter": [
      "xhr",
      "http",
      "fetch"
    ],
    "transformRequest": [
      null
    ],
    "transformResponse": [
      null
    ],
    "timeout": 10000,
    "xsrfCookieName": "XSRF-TOKEN",
    "xsrfHeaderName": "X-XSRF-TOKEN",
    "maxContentLength": -1,
    "maxBodyLength": -1,
    "env": {},
    "headers": {
      "Accept": "application/json, text/plain, */*",
      "User-Agent": "axios/1.7.7",
      "Accept-Encoding": "gzip, compress, deflate, br"
    },
    "httpsAgent": {
      "_events": {},
      "_eventsCount": 2,
      "defaultPort": 443,
      "protocol": "https:",
      "options": {
        "keepAlive": true,
        "noDelay": true,
        "path": null
      },
      "requests": {},
      "sockets": {
        "status.epicgames.com:443:::::::::::::::::::::": [
          {
            "_tlsOptions": {
              "pipe": false,
              "secureContext": {
                "context": {}
              },
              "isServer": false,
              "requestCert": true,
              "rejectUnauthorized": true
            },
            "_secureEstablished": false,
            "_securePending": false,
            "_newSessionPending": false,
            "_controlReleased": true,
            "secureConnecting": true,
            "_SNICallback": null,
            "servername": null,
            "alpnProtocol": null,
            "authorized": false,
            "authorizationError": null,
            "encrypted": true,
            "_events": {
              "close": [
                null,
                null,
                null,
                null,
                null
              ],
              "end": [
                null,
                null
              ],
              "connect": [
                null,
                null,
                null
              ],
              "timeout": [
                null,
                null
              ]
            },
            "_eventsCount": 11,
            "connecting": false,
            "_hadError": true,
            "_parent": null,
            "_host": "status.epicgames.com",
            "_closeAfterHandlingError": false,
            "_readableState": {
              "highWaterMark": 16384,
              "buffer": [],
              "bufferIndex": 0,
              "length": 0,
              "pipes": [],
              "awaitDrainWriters": null
            },
            "_writableState": {
              "highWaterMark": 16384,
              "length": 206,
              "corked": 0,
              "writelen": 206,
              "bufferedIndex": 0,
              "pendingcb": 1
            },
            "allowHalfOpen": false,
            "_sockname": null,
            "_pendingData": "GET /api/v2/components.json HTTP/1.1\r\nAccept: application/json, text/plain, */*\r\nUser-Agent: axios/1.7.7\r\nAccept-Encoding: gzip, compress, deflate, br\r\nHost: status.epicgames.com\r\nConnection: keep-alive\r\n\r\n",
            "_pendingEncoding": "latin1",
            "_server": null,
            "ssl": null,
            "_requestCert": true,
            "_rejectUnauthorized": true,
            "parser": null,
            "_httpMessage": {
              "_events": {},
              "_eventsCount": 7,
              "outputData": [],
              "outputSize": 0,
              "writable": true,
              "destroyed": false,
              "_last": true,
              "chunkedEncoding": false,
              "shouldKeepAlive": true,
              "maxRequestsOnConnectionReached": false,
              "_defaultKeepAlive": true,
              "useChunkedEncodingByDefault": false,
              "sendDate": false,
              "_removedConnection": false,
              "_removedContLen": false,
              "_removedTE": false,
              "strictContentLength": false,
              "_contentLength": 0,
              "_hasBody": true,
              "_trailer": "",
              "finished": true,
              "_headerSent": true,
              "_closed": false,
              "_header": "GET /api/v2/components.json HTTP/1.1\r\nAccept: application/json, text/plain, */*\r\nUser-Agent: axios/1.7.7\r\nAccept-Encoding: gzip, compress, deflate, br\r\nHost: status.epicgames.com\r\nConnection: keep-alive\r\n\r\n",
              "_keepAliveTimeout": 0,
              "method": "GET",
              "path": "/api/v2/components.json",
              "_ended": false,
              "res": null,
              "aborted": false,
              "timeoutCb": null,
              "upgradeOrConnect": false,
              "parser": null,
              "maxHeadersCount": null,
              "reusedSocket": false,
              "host": "status.epicgames.com",
              "protocol": "https:",
              "_redirectable": {
                "_events": {
                  "socket": [
                    null,
                    null
                  ]
                },
                "_writableState": {
                  "highWaterMark": 16384,
                  "length": 0,
                  "corked": 0,
                  "writelen": 0,
                  "bufferedIndex": 0,
                  "pendingcb": 0
                },
                "_options": {
                  "maxRedirects": 21,
                  "maxBodyLength": null,
                  "protocol": "https:",
                  "path": "/api/v2/components.json",
                  "method": "GET",
                  "headers": {
                    "Accept": "application/json, text/plain, */*",
                    "User-Agent": "axios/1.7.7",
                    "Accept-Encoding": "gzip, compress, deflate, br"
                  },
                  "agents": {},
                  "beforeRedirects": {},
                  "hostname": "status.epicgames.com",
                  "port": "",
                  "nativeProtocols": {
                    "http:": {
                      "METHODS": [
                        "ACL",
                        "BIND",
                        "CHECKOUT",
                        "CONNECT",
                        "COPY",
                        "DELETE",
                        "GET",
                        "HEAD",
                        "LINK",
                        "LOCK",
                        "M-SEARCH",
                        "MERGE",
                        "MKACTIVITY",
                        "MKCALENDAR",
                        "MKCOL",
                        "MOVE",
                        "NOTIFY",
                        "OPTIONS",
                        "PATCH",
                        "POST",
                        "PROPFIND",
                        "PROPPATCH",
                        "PURGE",
                        "PUT",
                        "REBIND",
                        "REPORT",
                        "SEARCH",
                        "SOURCE",
                        "SUBSCRIBE",
                        "TRACE",
                        "UNBIND",
                        "UNLINK",
                        "UNLOCK",
                        "UNSUBSCRIBE"
                      ],
                      "STATUS_CODES": {
                        "100": "Continue",
                        "101": "Switching Protocols",
                        "102": "Processing",
                        "103": "Early Hints",
                        "200": "OK",
                        "201": "Created",
                        "202": "Accepted",
                        "203": "Non-Authoritative Information",
                        "204": "No Content",
                        "205": "Reset Content",
                        "206": "Partial Content",
                        "207": "Multi-Status",
                        "208": "Already Reported",
                        "226": "IM Used",
                        "300": "Multiple Choices",
                        "301": "Moved Permanently",
                        "302": "Found",
                        "303": "See Other",
                        "304": "Not Modified",
                        "305": "Use Proxy",
                        "307": "Temporary Redirect",
                        "308": "Permanent Redirect",
                        "400": "Bad Request",
                        "401": "Unauthorized",
                        "402": "Payment Required",
                        "403": "Forbidden",
                        "404": "Not Found",
                        "405": "Method Not Allowed",
                        "406": "Not Acceptable",
                        "407": "Proxy Authentication Required",
                        "408": "Request Timeout",
                        "409": "Conflict",
                        "410": "Gone",
                        "411": "Length Required",
                        "412": "Precondition Failed",
                        "413": "Payload Too Large",
                        "414": "URI Too Long",
                        "415": "Unsupported Media Type",
                        "416": "Range Not Satisfiable",
                        "417": "Expectation Failed",
                        "418": "I'm a Teapot",
                        "421": "Misdirected Request",
                        "422": "Unprocessable Entity",
                        "423": "Locked",
                        "424": "Failed Dependency",
                        "425": "Too Early",
                        "426": "Upgrade Required",
                        "428": "Precondition Required",
                        "429": "Too Many Requests",
                        "431": "Request Header Fields Too Large",
                        "451": "Unavailable For Legal Reasons",
                        "500": "Internal Server Error",
                        "501": "Not Implemented",
                        "502": "Bad Gateway",
                        "503": "Service Unavailable",
                        "504": "Gateway Timeout",
                        "505": "HTTP Version Not Supported",
                        "506": "Variant Also Negotiates",
                        "507": "Insufficient Storage",
                        "508": "Loop Detected",
                        "509": "Bandwidth Limit Exceeded",
                        "510": "Not Extended",
                        "511": "Network Authentication Required"
                      },
                      "maxHeaderSize": 16384,
                      "globalAgent": {
                        "_events": {},
                        "_eventsCount": 2,
                        "defaultPort": 80,
                        "protocol": "http:",
                        "options": {
                          "keepAlive": true,
                          "scheduling": "lifo",
                          "timeout": 5000,
                          "noDelay": true,
                          "path": null
                        },
                        "requests": {},
                        "sockets": {},
                        "freeSockets": {},
                        "keepAliveMsecs": 1000,
                        "keepAlive": true,
                        "maxSockets": null,
                        "maxFreeSockets": 256,
                        "scheduling": "lifo",
                        "maxTotalSockets": null,
                        "totalSocketCount": 0
                      }
                    },
                    "https:": {
                      "globalAgent": {
                        "_events": {},
                        "_eventsCount": 2,
                        "defaultPort": 443,
                        "protocol": "https:",
                        "options": {
                          "keepAlive": true,
                          "scheduling": "lifo",
                          "timeout": 5000,
                          "noDelay": true,
                          "path": null
                        },
                        "requests": {},
                        "sockets": {},
                        "freeSockets": {},
                        "keepAliveMsecs": 1000,
                        "keepAlive": true,
                        "maxSockets": null,
                        "maxFreeSockets": 256,
                        "scheduling": "lifo",
                        "maxTotalSockets": null,
                        "totalSocketCount": 0,
                        "maxCachedSessions": 100,
                        "_sessionCache": {
                          "map": {},
                          "list": []
                        }
                      }
                    }
                  },
                  "pathname": "/api/v2/components.json"
                },
                "_ended": true,
                "_ending": true,
                "_redirectCount": 0,
                "_redirects": [],
                "_requestBodyLength": 0,
                "_requestBodyBuffers": [],
                "_eventsCount": 3,
                "_currentUrl": "https://status.epicgames.com/api/v2/components.json",
                "_timeout": null
              }
            },
            "timeout": 10000
          }
        ]
      },
      "freeSockets": {},
      "keepAliveMsecs": 1000,
      "keepAlive": true,
      "maxSockets": null,
      "maxFreeSockets": 256,
      "scheduling": "lifo",
      "maxTotalSockets": null,
      "totalSocketCount": 1,
      "maxCachedSessions": 100,
      "_sessionCache": {
        "map": {},
        "list": []
      }
    },
    "method": "get",
    "url": "https://status.epicgames.com/api/v2/components.json"
  },
  "code": "EAI_AGAIN"
}
(17:55:22) INFO:    [Legendary]:        Running command: LEGENDARY_CONFIG_PATH=/home/SamDaaEpic/.config/heroic/legendaryConfig/legendary /opt/Heroic/resources/app.asar.unpacked/build/bin/x64/linux/legendary list --third-party
(17:55:23) INFO:    [Backend]:          Checking for new Heroic Updates
(17:55:23) ERROR:   [Backend]:          Error when checking for Heroic updates {
  "message": "getaddrinfo EAI_AGAIN api.github.com",
  "name": "Error",
  "stack": "Error: getaddrinfo EAI_AGAIN api.github.com\n    at Function.AxiosError.from (/opt/Heroic/resources/app.asar/node_modules/axios/lib/core/AxiosError.js:92:14)\n    at RedirectableRequest.handleRequestError (/opt/Heroic/resources/app.asar/node_modules/axios/lib/adapters/http.js:620:25)\n    at RedirectableRequest.emit (node:events:531:35)\n    at ClientRequest.eventHandlers.<computed> (/opt/Heroic/resources/app.asar/node_modules/follow-redirects/index.js:38:24)\n    at ClientRequest.emit (node:events:519:28)\n    at TLSSocket.socketErrorListener (node:_http_client:500:9)\n    at TLSSocket.emit (node:events:519:28)\n    at emitErrorNT (node:internal/streams/destroy:169:8)\n    at emitErrorCloseNT (node:internal/streams/destroy:128:3)\n    at processTicksAndRejections (node:internal/process/task_queues:82:21)\n    at Axios.request (/opt/Heroic/resources/app.asar/node_modules/axios/lib/core/Axios.js:45:41)\n    at processTicksAndRejections (node:internal/process/task_queues:95:5)\n    at bh (/opt/Heroic/resources/app.asar/build/main/main.js:152:926)\n    at WebContents.<anonymous> (node:electron/js2c/browser_init:2:83537)",
  "config": {
    "transitional": {
      "silentJSONParsing": true,
      "forcedJSONParsing": true,
      "clarifyTimeoutError": false
    },
    "adapter": [
      "xhr",
      "http",
      "fetch"
    ],
    "transformRequest": [
      null
    ],
    "transformResponse": [
      null
    ],
    "timeout": 10000,
    "xsrfCookieName": "XSRF-TOKEN",
    "xsrfHeaderName": "X-XSRF-TOKEN",
    "maxContentLength": -1,
    "maxBodyLength": -1,
    "env": {},
    "headers": {
      "Accept": "application/json, text/plain, */*",
      "User-Agent": "axios/1.7.7",
      "Accept-Encoding": "gzip, compress, deflate, br"
    },
    "httpsAgent": {
      "_events": {},
      "_eventsCount": 2,
      "defaultPort": 443,
      "protocol": "https:",
      "options": {
        "keepAlive": true,
        "noDelay": true,
        "path": null
      },
      "requests": {},
      "sockets": {
        "api.github.com:443:::::::::::::::::::::": [
          {
            "_tlsOptions": {
              "pipe": false,
              "secureContext": {
                "context": {}
              },
              "isServer": false,
              "requestCert": true,
              "rejectUnauthorized": true
            },
            "_secureEstablished": false,
            "_securePending": false,
            "_newSessionPending": false,
            "_controlReleased": true,
            "secureConnecting": true,
            "_SNICallback": null,
            "servername": null,
            "alpnProtocol": null,
            "authorized": false,
            "authorizationError": null,
            "encrypted": true,
            "_events": {
              "close": [
                null,
                null,
                null,
                null,
                null
              ],
              "end": [
                null,
                null
              ],
              "connect": [
                null,
                null,
                null
              ],
              "timeout": [
                null,
                null
              ]
            },
            "_eventsCount": 11,
            "connecting": false,
            "_hadError": true,
            "_parent": null,
            "_host": "api.github.com",
            "_closeAfterHandlingError": false,
            "_readableState": {
              "highWaterMark": 16384,
              "buffer": [],
              "bufferIndex": 0,
              "length": 0,
              "pipes": [],
              "awaitDrainWriters": null
            },
            "_writableState": {
              "highWaterMark": 16384,
              "length": 234,
              "corked": 0,
              "writelen": 234,
              "bufferedIndex": 0,
              "pendingcb": 1
            },
            "allowHalfOpen": false,
            "_sockname": null,
            "_pendingData": "GET /repos/Heroic-Games-Launcher/HeroicGamesLauncher/releases HTTP/1.1\r\nAccept: application/json, text/plain, */*\r\nUser-Agent: axios/1.7.7\r\nAccept-Encoding: gzip, compress, deflate, br\r\nHost: api.github.com\r\nConnection: keep-alive\r\n\r\n",
            "_pendingEncoding": "latin1",
            "_server": null,
            "ssl": null,
            "_requestCert": true,
            "_rejectUnauthorized": true,
            "parser": null,
            "_httpMessage": {
              "_events": {},
              "_eventsCount": 7,
              "outputData": [],
              "outputSize": 0,
              "writable": true,
              "destroyed": false,
              "_last": true,
              "chunkedEncoding": false,
              "shouldKeepAlive": true,
              "maxRequestsOnConnectionReached": false,
              "_defaultKeepAlive": true,
              "useChunkedEncodingByDefault": false,
              "sendDate": false,
              "_removedConnection": false,
              "_removedContLen": false,
              "_removedTE": false,
              "strictContentLength": false,
              "_contentLength": 0,
              "_hasBody": true,
              "_trailer": "",
              "finished": true,
              "_headerSent": true,
              "_closed": false,
              "_header": "GET /repos/Heroic-Games-Launcher/HeroicGamesLauncher/releases HTTP/1.1\r\nAccept: application/json, text/plain, */*\r\nUser-Agent: axios/1.7.7\r\nAccept-Encoding: gzip, compress, deflate, br\r\nHost: api.github.com\r\nConnection: keep-alive\r\n\r\n",
              "_keepAliveTimeout": 0,
              "method": "GET",
              "path": "/repos/Heroic-Games-Launcher/HeroicGamesLauncher/releases",
              "_ended": false,
              "res": null,
              "aborted": false,
              "timeoutCb": null,
              "upgradeOrConnect": false,
              "parser": null,
              "maxHeadersCount": null,
              "reusedSocket": false,
              "host": "api.github.com",
              "protocol": "https:",
              "_redirectable": {
                "_events": {
                  "socket": [
                    null,
                    null
                  ]
                },
                "_writableState": {
                  "highWaterMark": 16384,
                  "length": 0,
                  "corked": 0,
                  "writelen": 0,
                  "bufferedIndex": 0,
                  "pendingcb": 0
                },
                "_options": {
                  "maxRedirects": 21,
                  "maxBodyLength": null,
                  "protocol": "https:",
                  "path": "/repos/Heroic-Games-Launcher/HeroicGamesLauncher/releases",
                  "method": "GET",
                  "headers": {
                    "Accept": "application/json, text/plain, */*",
                    "User-Agent": "axios/1.7.7",
                    "Accept-Encoding": "gzip, compress, deflate, br"
                  },
                  "agents": {},
                  "beforeRedirects": {},
                  "hostname": "api.github.com",
                  "port": "",
                  "nativeProtocols": {
                    "http:": {
                      "METHODS": [
                        "ACL",
                        "BIND",
                        "CHECKOUT",
                        "CONNECT",
                        "COPY",
                        "DELETE",
                        "GET",
                        "HEAD",
                        "LINK",
                        "LOCK",
                        "M-SEARCH",
                        "MERGE",
                        "MKACTIVITY",
                        "MKCALENDAR",
                        "MKCOL",
                        "MOVE",
                        "NOTIFY",
                        "OPTIONS",
                        "PATCH",
                        "POST",
                        "PROPFIND",
                        "PROPPATCH",
                        "PURGE",
                        "PUT",
                        "REBIND",
                        "REPORT",
                        "SEARCH",
                        "SOURCE",
                        "SUBSCRIBE",
                        "TRACE",
                        "UNBIND",
                        "UNLINK",
                        "UNLOCK",
                        "UNSUBSCRIBE"
                      ],
                      "STATUS_CODES": {
                        "100": "Continue",
                        "101": "Switching Protocols",
                        "102": "Processing",
                        "103": "Early Hints",
                        "200": "OK",
                        "201": "Created",
                        "202": "Accepted",
                        "203": "Non-Authoritative Information",
                        "204": "No Content",
                        "205": "Reset Content",
                        "206": "Partial Content",
                        "207": "Multi-Status",
                        "208": "Already Reported",
                        "226": "IM Used",
                        "300": "Multiple Choices",
                        "301": "Moved Permanently",
                        "302": "Found",
                        "303": "See Other",
                        "304": "Not Modified",
                        "305": "Use Proxy",
                        "307": "Temporary Redirect",
                        "308": "Permanent Redirect",
                        "400": "Bad Request",
                        "401": "Unauthorized",
                        "402": "Payment Required",
                        "403": "Forbidden",
                        "404": "Not Found",
                        "405": "Method Not Allowed",
                        "406": "Not Acceptable",
                        "407": "Proxy Authentication Required",
                        "408": "Request Timeout",
                        "409": "Conflict",
                        "410": "Gone",
                        "411": "Length Required",
                        "412": "Precondition Failed",
                        "413": "Payload Too Large",
                        "414": "URI Too Long",
                        "415": "Unsupported Media Type",
                        "416": "Range Not Satisfiable",
                        "417": "Expectation Failed",
                        "418": "I'm a Teapot",
                        "421": "Misdirected Request",
                        "422": "Unprocessable Entity",
                        "423": "Locked",
                        "424": "Failed Dependency",
                        "425": "Too Early",
                        "426": "Upgrade Required",
                        "428": "Precondition Required",
                        "429": "Too Many Requests",
                        "431": "Request Header Fields Too Large",
                        "451": "Unavailable For Legal Reasons",
                        "500": "Internal Server Error",
                        "501": "Not Implemented",
                        "502": "Bad Gateway",
                        "503": "Service Unavailable",
                        "504": "Gateway Timeout",
                        "505": "HTTP Version Not Supported",
                        "506": "Variant Also Negotiates",
                        "507": "Insufficient Storage",
                        "508": "Loop Detected",
                        "509": "Bandwidth Limit Exceeded",
                        "510": "Not Extended",
                        "511": "Network Authentication Required"
                      },
                      "maxHeaderSize": 16384,
                      "globalAgent": {
                        "_events": {},
                        "_eventsCount": 2,
                        "defaultPort": 80,
                        "protocol": "http:",
                        "options": {
                          "keepAlive": true,
                          "scheduling": "lifo",
                          "timeout": 5000,
                          "noDelay": true,
                          "path": null
                        },
                        "requests": {},
                        "sockets": {},
                        "freeSockets": {},
                        "keepAliveMsecs": 1000,
                        "keepAlive": true,
                        "maxSockets": null,
                        "maxFreeSockets": 256,
                        "scheduling": "lifo",
                        "maxTotalSockets": null,
                        "totalSocketCount": 0
                      }
                    },
                    "https:": {
                      "globalAgent": {
                        "_events": {},
                        "_eventsCount": 2,
                        "defaultPort": 443,
                        "protocol": "https:",
                        "options": {
                          "keepAlive": true,
                          "scheduling": "lifo",
                          "timeout": 5000,
                          "noDelay": true,
                          "path": null
                        },
                        "requests": {},
                        "sockets": {},
                        "freeSockets": {},
                        "keepAliveMsecs": 1000,
                        "keepAlive": true,
                        "maxSockets": null,
                        "maxFreeSockets": 256,
                        "scheduling": "lifo",
                        "maxTotalSockets": null,
                        "totalSocketCount": 0,
                        "maxCachedSessions": 100,
                        "_sessionCache": {
                          "map": {},
                          "list": []
                        }
                      }
                    }
                  },
                  "pathname": "/repos/Heroic-Games-Launcher/HeroicGamesLauncher/releases"
                },
                "_ended": true,
                "_ending": true,
                "_redirectCount": 0,
                "_redirects": [],
                "_requestBodyLength": 0,
                "_requestBodyBuffers": [],
                "_eventsCount": 3,
                "_currentUrl": "https://api.github.com/repos/Heroic-Games-Launcher/HeroicGamesLauncher/releases",
                "_timeout": null
              }
            },
            "timeout": 10000
          }
        ]
      },
      "freeSockets": {},
      "keepAliveMsecs": 1000,
      "keepAlive": true,
      "maxSockets": null,
      "maxFreeSockets": 256,
      "scheduling": "lifo",
      "maxTotalSockets": null,
      "totalSocketCount": 1,
      "maxCachedSessions": 100,
      "_sessionCache": {
        "map": {},
        "list": []
      }
    },
    "method": "get",
    "url": "https://api.github.com/repos/Heroic-Games-Launcher/HeroicGamesLauncher/releases"
  },
  "code": "EAI_AGAIN"
}
(17:55:23) INFO:    [Backend]:          Checking for current version changelog
(17:55:23) ERROR:   [Backend]:          Error when checking for current Heroic changelog
(17:55:23) INFO:    [Legendary]:        Game list updated, got 6 games & DLCs
(17:55:23) WARNING: [Backend]:          listUpdateableGames not implemented on Sideload Library Manager
(17:55:24) DEBUG:   [Backend]:          Unable to load Steam Libraries, libraryfolders.vdf not found
(17:55:27) INFO:    [WineDownloader]:   Updating wine versions info
(17:55:27) INFO:    [WineDownloader]:   Fetching upstream information...
(17:55:27) ERROR:   [WineDownloader]:   Error: Could not fetch available releases from https://api.github.com/repos/GloriousEggroll/wine-ge-custom/releases with error:
 Error: getaddrinfo EAI_AGAIN api.github.com
    at /opt/Heroic/resources/app.asar/build/main/main.js:124:11883
    at processTicksAndRejections (node:internal/process/task_queues:95:5)
(17:55:27) ERROR:   [WineDownloader]:   Error: Could not fetch available releases from https://api.github.com/repos/GloriousEggroll/proton-ge-custom/releases with error:
 Error: getaddrinfo EAI_AGAIN api.github.com
    at /opt/Heroic/resources/app.asar/build/main/main.js:124:11883
    at processTicksAndRejections (node:internal/process/task_queues:95:5)
(17:55:27) INFO:    [WineDownloader]:   wine versions updated
(17:55:27) INFO:    [Backend]:          Starting the Download Queue
