(11:43:43) INFO:    [Legendary]:        Legendary location: /opt/Heroic/resources/app.asar.unpacked/build/bin/x64/linux/legendary
(11:43:43) INFO:    [Gog]:              GOGDL location: /opt/Heroic/resources/app.asar.unpacked/build/bin/x64/linux/gogdl
(11:43:43) INFO:    [Connection]:       Connectivity: check-online
(11:43:43) INFO:    [Connection]:       Pinging external endpoints
(11:43:43) INFO:    [Gog]:              Checking for existing gog manifests
(11:43:43) WARNING: [Backend]:          Protocol already registered.
(11:43:43) INFO:    [Legendary]:        Running command: LEGENDARY_CONFIG_PATH=/home/SamDaaEpic/.config/heroic/legendaryConfig/legendary /opt/Heroic/resources/app.asar.unpacked/build/bin/x64/linux/legendary --version
(11:43:43) INFO:    [Gog]:              Running command: GOGDL_CONFIG_PATH=/home/SamDaaEpic/.config/heroic/gogdlConfig /opt/Heroic/resources/app.asar.unpacked/build/bin/x64/linux/gogdl --auth-config-path /home/SamDaaEpic/.config/heroic/gog_store/auth.json --version
(11:43:43) INFO:    [Nile]:             Running command: NILE_CONFIG_PATH=/home/SamDaaEpic/.config/heroic/nile_config /opt/Heroic/resources/app.asar.unpacked/build/bin/x64/linux/nile --version
(11:43:43) INFO:    [Connection]:       Connectivity: online
(11:43:43) ERROR:   [Gog]:              Unable to syncQueued playtime, userData not present
(11:43:43) INFO:    [Gog]:              Running command: GOGDL_CONFIG_PATH=/home/SamDaaEpic/.config/heroic/gogdlConfig /opt/Heroic/resources/app.asar.unpacked/build/bin/x64/linux/gogdl --auth-config-path /home/SamDaaEpic/.config/heroic/gog_store/auth.json auth
(11:43:43) INFO:    [Backend]:          AreWeAntiCheatYet data downloaded
(11:43:43) INFO:    [Backend]:          
System Information:
CPU: 8x 11th Gen Intel(R) Core(TM) i5-1145G7 @ 2.60GHz
Memory: 33.34 GB (used: 4.1 GB)
GPUs:
  GPU 0:
    Name: Intel Corporation TigerLake-LP GT2 [Iris Xe Graphics]
    IDs: D=9a49 V=8086 SD=22d5 SV=17aa
    Driver: i915
OS: Arch Linux 6.13.7-arch1-1 (linux)

The current system is not a Steam Deck
We are not running inside a Flatpak container

Software Versions:
  Heroic: 2.16.1 Scopper Gaban
  Legendary: 0.20.36 Urban Flight (Heroic)
  gogdl: 1.1.2
  comet: comet 0.2.0
  Nile: 1.1.2 Will A. Zeppeli

(11:43:43) INFO:    [Frontend]:         Refreshing undefined Library
(11:43:43) WARNING: [Backend]:          refresh not implemented on Sideload Library Manager
(11:43:43) INFO:    [Legendary]:        Refreshing library...
(11:43:43) INFO:    [Legendary]:        Refreshing Epic Games...
(11:43:43) INFO:    [Backend]:          Frontend Ready
(11:43:43) INFO:    [Backend]:          Checking for new Heroic Updates
(11:43:44) INFO:    [Backend]:          Checking for current version changelog
(11:43:44) INFO:    [Legendary]:        Running command: LEGENDARY_CONFIG_PATH=/home/SamDaaEpic/.config/heroic/legendaryConfig/legendary /opt/Heroic/resources/app.asar.unpacked/build/bin/x64/linux/legendary list --third-party
(11:43:45) DEBUG:   [Backend]:          Unable to load Steam Libraries, libraryfolders.vdf not found
(11:43:45) INFO:    [Winetricks]:       Downloading Winetricks
(11:43:46) INFO:    [Legendary]:        Game list updated, got 6 games & DLCs
(11:43:46) WARNING: [Backend]:          listUpdateableGames not implemented on Sideload Library Manager
(11:43:46) INFO:    [Legendary]:        Checking for game updates: LEGENDARY_CONFIG_PATH=/home/SamDaaEpic/.config/heroic/legendaryConfig/legendary /opt/Heroic/resources/app.asar.unpacked/build/bin/x64/linux/legendary list --third-party
(11:43:48) INFO:    [Legendary]:        Found 0 games to update
(11:43:48) INFO:    [WineDownloader]:   Updating wine versions info
(11:43:48) INFO:    [WineDownloader]:   Fetching upstream information...
(11:43:48) INFO:    [Backend]:          Starting the Download Queue
(11:43:48) INFO:    [Frontend]:         Refreshing wine downloader releases
(11:43:48) INFO:    [WineDownloader]:   Updating wine versions info
(11:43:48) INFO:    [WineDownloader]:   Fetching upstream information...
(11:43:49) INFO:    [WineDownloader]:   wine versions updated
(11:43:49) INFO:    [WineDownloader]:   wine versions updated
(11:43:51) INFO:    [WineDownloader]:   Start installation of wine version Wine-GE-Proton8-26
(11:43:57) INFO:    [Backend]:          Downloaded: 1.35 KB / 222.76 MB  @483.17 Bytes/s (0.00%)
(11:43:58) INFO:    [Backend]:          Downloaded: 37.23 MB / 222.76 MB  @31.55 MB/s (16.71%)
(11:43:59) INFO:    [Backend]:          Downloaded: 55.25 MB / 222.76 MB  @11.49 MB/s (24.80%)
(11:44:00) INFO:    [Backend]:          Downloaded: 89.88 MB / 222.76 MB  @24.68 MB/s (40.35%)
(11:44:02) INFO:    [Backend]:          Downloaded: 114.02 MB / 222.76 MB  @35.73 MB/s (51.19%)
(11:44:03) INFO:    [Backend]:          Downloaded: 152.27 MB / 222.76 MB  @30.4 MB/s (68.36%)
(11:44:04) INFO:    [Backend]:          Downloaded: 173.16 MB / 222.76 MB  @15.55 MB/s (77.74%)
(11:44:05) INFO:    [Backend]:          Downloaded: 206.25 MB / 222.76 MB  @30.42 MB/s (92.59%)
(11:44:06) INFO:    [DownloadManager]:  Downloader: Finished downloading https://github.com/GloriousEggroll/wine-ge-custom/releases/download/GE-Proton8-26/wine-lutris-GE-Proton8-26-x86_64.tar.xz
(11:44:15) INFO:    [WineDownloader]:   Finished installation of wine version Wine-GE-Proton8-26
(11:44:19) DEBUG:   [Backend]:          Unable to load Steam Libraries, libraryfolders.vdf not found
(11:44:22) INFO:    [Backend]:          9d2d0eb64d5c44529cece33fe2a46482: Setting wineVersion to {"bin":"/home/SamDaaEpic/.config/heroic/tools/wine/Wine-GE-Proton8-26/bin/wine","name":"Wine - Wine-GE-Proton8-26","type":"wine","lib":"/home/SamDaaEpic/.config/heroic/tools/wine/Wine-GE-Proton8-26/lib64","lib32":"/home/SamDaaEpic/.config/heroic/tools/wine/Wine-GE-Proton8-26/lib","wineserver":"/home/SamDaaEpic/.config/heroic/tools/wine/Wine-GE-Proton8-26/bin/wineserver"}
(11:44:26) INFO:    [Backend]:          Launching Grand Theft Auto V (9d2d0eb64d5c44529cece33fe2a46482)
(11:44:26) INFO:    [Backend]:          Preventing display from sleep
(11:44:26) INFO:    [Backend]:          Checking if wine version exists: Wine - Wine-GE-Proton8-26
(11:44:26) INFO:    [Backend]:          Preventing machine to sleep
(11:44:27) INFO:    [Backend]:          Checking if wine version exists: Wine - Wine-GE-Proton8-26
(11:44:27) INFO:    [Backend]:          Checking if wine version exists: Wine - Wine-GE-Proton8-26
(11:44:27) INFO:    [Backend]:          Checking if wine version exists: Wine - Wine-GE-Proton8-26
(11:44:27) DEBUG:   [Backend]:          Running Wine command: wineboot --init
(11:44:27) WARNING: [DXVKInstaller]:    DXVK cannot be installed on a Proton or a invalid prefix!
(11:44:27) WARNING: [DXVKInstaller]:    DXVK cannot be installed on a Proton or a invalid prefix!
(11:44:27) WARNING: [DXVKInstaller]:    DXVK cannot be installed on a Proton or a invalid prefix!
(11:44:28) INFO:    [Legendary]:        Launching Grand Theft Auto V: HEROIC_APP_NAME=9d2d0eb64d5c44529cece33fe2a46482 HEROIC_APP_RUNNER=legendary GAMEID=umu-0 HEROIC_APP_SOURCE=epic STORE=egs STEAM_COMPAT_INSTALL_PATH=/home/SamDaaEpic/Games/Heroic/GTAV LD_PRELOAD= WINEPREFIX="/home/SamDaaEpic/Games/Heroic/Prefixes/default/Grand Theft Auto V" WINEDLLOVERRIDES=winemenubuilder.exe=d WINE_FULLSCREEN_FSR=0 WINEESYNC=1 WINEFSYNC=1 DXVK_ENABLE_NVAPI=1 DXVK_NVAPI_ALLOW_OTHER_DRIVERS=1 PROTON_EAC_RUNTIME=/home/SamDaaEpic/.config/heroic/tools/runtimes/eac_runtime PROTON_BATTLEYE_RUNTIME=/home/SamDaaEpic/.config/heroic/tools/runtimes/battleye_runtime ORIG_LD_LIBRARY_PATH= LD_LIBRARY_PATH=/home/SamDaaEpic/.config/heroic/tools/wine/Wine-GE-Proton8-26/lib64:/home/SamDaaEpic/.config/heroic/tools/wine/Wine-GE-Proton8-26/lib GST_PLUGIN_SYSTEM_PATH_1_0=/home/SamDaaEpic/.config/heroic/tools/wine/Wine-GE-Proton8-26/lib64/gstreamer-1.0:/home/SamDaaEpic/.config/heroic/tools/wine/Wine-GE-Proton8-26/lib/gstreamer-1.0 WINEDLLPATH=/home/SamDaaEpic/.config/heroic/tools/wine/Wine-GE-Proton8-26/lib64/wine:/home/SamDaaEpic/.config/heroic/tools/wine/Wine-GE-Proton8-26/lib/wine LEGENDARY_CONFIG_PATH=/home/SamDaaEpic/.config/heroic/legendaryConfig/legendary /opt/Heroic/resources/app.asar.unpacked/build/bin/x64/linux/legendary launch 9d2d0eb64d5c44529cece33fe2a46482 --wine /home/SamDaaEpic/.config/heroic/tools/wine/Wine-GE-Proton8-26/bin/wine --language en
(11:44:28) INFO:    [Backend]:          Preventing display to sleep
(11:44:29) INFO:    [Backend]:          Stopping Display Power Saver Blocker
(11:44:29) INFO:    [Frontend]:         Refreshing legendary Library
(11:44:29) INFO:    [Legendary]:        Refreshing library...
(11:44:29) INFO:    [Legendary]:        Refreshing Epic Games...
(11:44:29) INFO:    [Backend]:          Stopping Power Saver Blocker
(11:44:29) INFO:    [Backend]:          Stopping Display Sleep Blocker
(11:44:29) INFO:    [Legendary]:        Running command: LEGENDARY_CONFIG_PATH=/home/SamDaaEpic/.config/heroic/legendaryConfig/legendary /opt/Heroic/resources/app.asar.unpacked/build/bin/x64/linux/legendary list --third-party
(11:44:31) INFO:    [Legendary]:        Game list updated, got 6 games & DLCs
(11:47:26) INFO:    [Backend]:          Launching Grand Theft Auto V (9d2d0eb64d5c44529cece33fe2a46482)
(11:47:26) INFO:    [Backend]:          Preventing display from sleep
(11:47:26) INFO:    [Backend]:          Checking if wine version exists: Wine - Wine-GE-Proton8-26
(11:47:26) INFO:    [Backend]:          Preventing machine to sleep
(11:47:26) INFO:    [Backend]:          Checking if wine version exists: Wine - Wine-GE-Proton8-26
(11:47:26) INFO:    [Backend]:          Checking if wine version exists: Wine - Wine-GE-Proton8-26
(11:47:26) INFO:    [Backend]:          Checking if wine version exists: Wine - Wine-GE-Proton8-26
(11:47:26) DEBUG:   [Backend]:          Running Wine command: wineboot --init
(11:47:29) WARNING: [DXVKInstaller]:    dxvk not found!
(11:47:29) WARNING: [DXVKInstaller]:    No GPU with Vulkan 1.1 support found, VKD3D will not work
(11:47:29) WARNING: [DXVKInstaller]:    No GPU with Vulkan 1.1 support found, DXVK will not work
(11:47:29) INFO:    [DXVKInstaller]:    Updating dxvk to: dxvk-2.6
(11:47:29) INFO:    [DXVKInstaller]:    Updating dxvk-nvapi to: dxvk-nvapi-v0.9.0
(11:47:29) INFO:    [DXVKInstaller]:    Updating vkd3d to: vkd3d-proton-2.14
(11:47:35) INFO:    [DownloadManager]:  Downloader: Finished downloading https://github.com/jp7677/dxvk-nvapi/releases/download/v0.9.0/dxvk-nvapi-v0.9.0.tar.gz
(11:47:35) INFO:    [DXVKInstaller]:    Downloaded dxvk-nvapi, extracting...
(11:47:35) INFO:    [DXVKInstaller]:    dxvk-nvapi updated!
(11:47:35) INFO:    [DownloadManager]:  Downloader: Finished downloading https://github.com/Heroic-Games-Launcher/vkd3d-proton/releases/download/v2.14/vkd3d-proton-2.14.tar.xz
(11:47:35) INFO:    [DXVKInstaller]:    Downloaded vkd3d, extracting...
(11:47:35) INFO:    [DXVKInstaller]:    vkd3d updated!
(11:47:36) INFO:    [DownloadManager]:  Downloader: Finished downloading https://github.com/doitsujin/dxvk/releases/download/v2.6/dxvk-2.6.tar.gz
(11:47:36) INFO:    [DXVKInstaller]:    Downloaded dxvk, extracting...
(11:47:36) INFO:    [DXVKInstaller]:    dxvk updated!
(11:47:36) INFO:    [DXVKInstaller]:    installing dxvk on... /home/SamDaaEpic/Games/Heroic/Prefixes/default/Grand Theft Auto V
(11:47:36) INFO:    [Backend]:          Checking if wine version exists: Wine - Wine-GE-Proton8-26
(11:47:36) INFO:    [Backend]:          Checking if wine version exists: Wine - Wine-GE-Proton8-26
(11:47:36) INFO:    [Backend]:          Checking if wine version exists: Wine - Wine-GE-Proton8-26
(11:47:36) INFO:    [Backend]:          Checking if wine version exists: Wine - Wine-GE-Proton8-26
(11:47:36) INFO:    [Backend]:          Checking if wine version exists: Wine - Wine-GE-Proton8-26
(11:47:36) INFO:    [Backend]:          Checking if wine version exists: Wine - Wine-GE-Proton8-26
(11:47:36) INFO:    [Backend]:          Checking if wine version exists: Wine - Wine-GE-Proton8-26
(11:47:36) INFO:    [Backend]:          Checking if wine version exists: Wine - Wine-GE-Proton8-26
(11:47:36) INFO:    [Backend]:          Checking if wine version exists: Wine - Wine-GE-Proton8-26
(11:47:36) INFO:    [Backend]:          Checking if wine version exists: Wine - Wine-GE-Proton8-26
(11:47:36) INFO:    [DXVKInstaller]:    installing dxvk-nvapi on... /home/SamDaaEpic/Games/Heroic/Prefixes/default/Grand Theft Auto V
(11:47:36) INFO:    [Backend]:          Checking if wine version exists: Wine - Wine-GE-Proton8-26
(11:47:36) INFO:    [Backend]:          Checking if wine version exists: Wine - Wine-GE-Proton8-26
(11:47:36) INFO:    [Backend]:          Checking if wine version exists: Wine - Wine-GE-Proton8-26
(11:47:36) INFO:    [Backend]:          Checking if wine version exists: Wine - Wine-GE-Proton8-26
(11:47:36) INFO:    [Backend]:          Checking if wine version exists: Wine - Wine-GE-Proton8-26
(11:47:36) WARNING: [DXVKInstaller]:    Could not find nvngx.dll for DLSS!
(11:47:36) DEBUG:   [Backend]:          Running Wine command: reg add HKEY_CURRENT_USER\Software\Wine\DllOverrides /v d3d10core /d native,builtin /f
(11:47:36) DEBUG:   [Backend]:          Running Wine command: reg add HKEY_CURRENT_USER\Software\Wine\DllOverrides /v d3d11 /d native,builtin /f
(11:47:36) DEBUG:   [Backend]:          Running Wine command: reg add HKEY_CURRENT_USER\Software\Wine\DllOverrides /v d3d8 /d native,builtin /f
(11:47:36) DEBUG:   [Backend]:          Running Wine command: reg add HKEY_CURRENT_USER\Software\Wine\DllOverrides /v d3d9 /d native,builtin /f
(11:47:36) DEBUG:   [Backend]:          Running Wine command: reg add HKEY_CURRENT_USER\Software\Wine\DllOverrides /v dxgi /d native,builtin /f
(11:47:36) DEBUG:   [Backend]:          Running Wine command: reg add HKEY_CURRENT_USER\Software\Wine\DllOverrides /v d3d10core /d native,builtin /f
(11:47:36) DEBUG:   [Backend]:          Running Wine command: reg add HKEY_CURRENT_USER\Software\Wine\DllOverrides /v d3d11 /d native,builtin /f
(11:47:36) DEBUG:   [Backend]:          Running Wine command: reg add HKEY_CURRENT_USER\Software\Wine\DllOverrides /v d3d8 /d native,builtin /f
(11:47:36) DEBUG:   [Backend]:          Running Wine command: reg add HKEY_CURRENT_USER\Software\Wine\DllOverrides /v d3d9 /d native,builtin /f
(11:47:36) DEBUG:   [Backend]:          Running Wine command: reg add HKEY_CURRENT_USER\Software\Wine\DllOverrides /v dxgi /d native,builtin /f
(11:47:36) INFO:    [DXVKInstaller]:    installing vkd3d on... /home/SamDaaEpic/Games/Heroic/Prefixes/default/Grand Theft Auto V
(11:47:36) INFO:    [Backend]:          Checking if wine version exists: Wine - Wine-GE-Proton8-26
(11:47:36) INFO:    [Backend]:          Checking if wine version exists: Wine - Wine-GE-Proton8-26
(11:47:36) INFO:    [Backend]:          Checking if wine version exists: Wine - Wine-GE-Proton8-26
(11:47:36) INFO:    [Backend]:          Checking if wine version exists: Wine - Wine-GE-Proton8-26
(11:47:36) DEBUG:   [Backend]:          Running Wine command: reg add HKEY_CURRENT_USER\Software\Wine\DllOverrides /v nvapi64-tests.exe /d native,builtin /f
(11:47:36) DEBUG:   [Backend]:          Running Wine command: reg add HKEY_CURRENT_USER\Software\Wine\DllOverrides /v nvapi64 /d native,builtin /f
(11:47:36) DEBUG:   [Backend]:          Running Wine command: reg add HKEY_CURRENT_USER\Software\Wine\DllOverrides /v nvofapi64-tests.exe /d native,builtin /f
(11:47:36) DEBUG:   [Backend]:          Running Wine command: reg add HKEY_CURRENT_USER\Software\Wine\DllOverrides /v nvofapi64 /d native,builtin /f
(11:47:36) DEBUG:   [Backend]:          Running Wine command: reg add HKEY_CURRENT_USER\Software\Wine\DllOverrides /v nvapi /d native,builtin /f
(11:47:36) DEBUG:   [Backend]:          Running Wine command: reg add HKEY_CURRENT_USER\Software\Wine\DllOverrides /v d3d12 /d native,builtin /f
(11:47:36) DEBUG:   [Backend]:          Running Wine command: reg add HKEY_CURRENT_USER\Software\Wine\DllOverrides /v d3d12core /d native,builtin /f
(11:47:36) DEBUG:   [Backend]:          Running Wine command: reg add HKEY_CURRENT_USER\Software\Wine\DllOverrides /v d3d12 /d native,builtin /f
(11:47:36) DEBUG:   [Backend]:          Running Wine command: reg add HKEY_CURRENT_USER\Software\Wine\DllOverrides /v d3d12core /d native,builtin /f
(11:47:36) INFO:    [Legendary]:        Launching Grand Theft Auto V: HEROIC_APP_NAME=9d2d0eb64d5c44529cece33fe2a46482 HEROIC_APP_RUNNER=legendary GAMEID=umu-0 HEROIC_APP_SOURCE=epic STORE=egs STEAM_COMPAT_INSTALL_PATH=/home/SamDaaEpic/Games/Heroic/GTAV LD_PRELOAD= WINEPREFIX="/home/SamDaaEpic/Games/Heroic/Prefixes/default/Grand Theft Auto V" WINEDLLOVERRIDES=winemenubuilder.exe=d WINE_FULLSCREEN_FSR=0 WINEESYNC=1 WINEFSYNC=1 DXVK_ENABLE_NVAPI=1 DXVK_NVAPI_ALLOW_OTHER_DRIVERS=1 PROTON_EAC_RUNTIME=/home/SamDaaEpic/.config/heroic/tools/runtimes/eac_runtime PROTON_BATTLEYE_RUNTIME=/home/SamDaaEpic/.config/heroic/tools/runtimes/battleye_runtime ORIG_LD_LIBRARY_PATH= LD_LIBRARY_PATH=/home/SamDaaEpic/.config/heroic/tools/wine/Wine-GE-Proton8-26/lib64:/home/SamDaaEpic/.config/heroic/tools/wine/Wine-GE-Proton8-26/lib GST_PLUGIN_SYSTEM_PATH_1_0=/home/SamDaaEpic/.config/heroic/tools/wine/Wine-GE-Proton8-26/lib64/gstreamer-1.0:/home/SamDaaEpic/.config/heroic/tools/wine/Wine-GE-Proton8-26/lib/gstreamer-1.0 WINEDLLPATH=/home/SamDaaEpic/.config/heroic/tools/wine/Wine-GE-Proton8-26/lib64/wine:/home/SamDaaEpic/.config/heroic/tools/wine/Wine-GE-Proton8-26/lib/wine LEGENDARY_CONFIG_PATH=/home/SamDaaEpic/.config/heroic/legendaryConfig/legendary /opt/Heroic/resources/app.asar.unpacked/build/bin/x64/linux/legendary launch 9d2d0eb64d5c44529cece33fe2a46482 --wine /home/SamDaaEpic/.config/heroic/tools/wine/Wine-GE-Proton8-26/bin/wine --language en
(11:47:36) INFO:    [Backend]:          Preventing display to sleep
(11:47:45) INFO:    [Backend]:          Stopping Display Power Saver Blocker
(11:47:45) INFO:    [Frontend]:         Refreshing legendary Library
(11:47:45) INFO:    [Legendary]:        Refreshing library...
(11:47:45) INFO:    [Legendary]:        Refreshing Epic Games...
(11:47:45) INFO:    [Backend]:          Stopping Power Saver Blocker
(11:47:45) INFO:    [Backend]:          Stopping Display Sleep Blocker
(11:47:45) INFO:    [Legendary]:        Running command: LEGENDARY_CONFIG_PATH=/home/SamDaaEpic/.config/heroic/legendaryConfig/legendary /opt/Heroic/resources/app.asar.unpacked/build/bin/x64/linux/legendary list --third-party
(11:47:47) INFO:    [Legendary]:        Game list updated, got 6 games & DLCs
(11:47:52) DEBUG:   [Backend]:          Unable to load Steam Libraries, libraryfolders.vdf not found
(11:47:55) INFO:    [Backend]:          9d2d0eb64d5c44529cece33fe2a46482: Setting wineVersion to {"bin":"/home/SamDaaEpic/.local/share/lutris/runners/wine/wine-ge-8-26-x86_64/bin/wine","name":"Wine - wine-ge-8-26-x86_64","type":"wine","lib":"/home/SamDaaEpic/.local/share/lutris/runners/wine/wine-ge-8-26-x86_64/lib64","lib32":"/home/SamDaaEpic/.local/share/lutris/runners/wine/wine-ge-8-26-x86_64/lib","wineserver":"/home/SamDaaEpic/.local/share/lutris/runners/wine/wine-ge-8-26-x86_64/bin/wineserver"}
(11:48:06) INFO:    [Backend]:          Launching Grand Theft Auto V (9d2d0eb64d5c44529cece33fe2a46482)
(11:48:06) INFO:    [Backend]:          Checking if wine version exists: Wine - wine-ge-8-26-x86_64
(11:48:06) INFO:    [Backend]:          Preventing machine to sleep
(11:48:07) INFO:    [Backend]:          Checking if wine version exists: Wine - wine-ge-8-26-x86_64
(11:48:07) INFO:    [Backend]:          Checking if wine version exists: Wine - wine-ge-8-26-x86_64
(11:48:07) INFO:    [Backend]:          Checking if wine version exists: Wine - wine-ge-8-26-x86_64
(11:48:07) DEBUG:   [Backend]:          Running Wine command: wineboot --init
(11:48:07) INFO:    [DXVKInstaller]:    installing dxvk on... /home/SamDaaEpic/Games/Heroic/Prefixes/default/Grand Theft Auto V
(11:48:07) INFO:    [DXVKInstaller]:    dxvk already installed!
(11:48:07) INFO:    [DXVKInstaller]:    installing dxvk-nvapi on... /home/SamDaaEpic/Games/Heroic/Prefixes/default/Grand Theft Auto V
(11:48:07) INFO:    [DXVKInstaller]:    dxvk-nvapi already installed!
(11:48:07) INFO:    [DXVKInstaller]:    installing vkd3d on... /home/SamDaaEpic/Games/Heroic/Prefixes/default/Grand Theft Auto V
(11:48:07) INFO:    [DXVKInstaller]:    vkd3d already installed!
(11:48:07) INFO:    [Legendary]:        Launching Grand Theft Auto V: HEROIC_APP_NAME=9d2d0eb64d5c44529cece33fe2a46482 HEROIC_APP_RUNNER=legendary GAMEID=umu-0 HEROIC_APP_SOURCE=epic STORE=egs STEAM_COMPAT_INSTALL_PATH=/home/SamDaaEpic/Games/Heroic/GTAV LD_PRELOAD= WINEPREFIX="/home/SamDaaEpic/Games/Heroic/Prefixes/default/Grand Theft Auto V" WINEDLLOVERRIDES=winemenubuilder.exe=d WINE_FULLSCREEN_FSR=0 WINEESYNC=1 WINEFSYNC=1 DXVK_ENABLE_NVAPI=1 DXVK_NVAPI_ALLOW_OTHER_DRIVERS=1 PROTON_EAC_RUNTIME=/home/SamDaaEpic/.config/heroic/tools/runtimes/eac_runtime PROTON_BATTLEYE_RUNTIME=/home/SamDaaEpic/.config/heroic/tools/runtimes/battleye_runtime ORIG_LD_LIBRARY_PATH= LD_LIBRARY_PATH=/home/SamDaaEpic/.local/share/lutris/runners/wine/wine-ge-8-26-x86_64/lib64:/home/SamDaaEpic/.local/share/lutris/runners/wine/wine-ge-8-26-x86_64/lib GST_PLUGIN_SYSTEM_PATH_1_0=/home/SamDaaEpic/.local/share/lutris/runners/wine/wine-ge-8-26-x86_64/lib64/gstreamer-1.0:/home/SamDaaEpic/.local/share/lutris/runners/wine/wine-ge-8-26-x86_64/lib/gstreamer-1.0 WINEDLLPATH=/home/SamDaaEpic/.local/share/lutris/runners/wine/wine-ge-8-26-x86_64/lib64/wine:/home/SamDaaEpic/.local/share/lutris/runners/wine/wine-ge-8-26-x86_64/lib/wine LEGENDARY_CONFIG_PATH=/home/SamDaaEpic/.config/heroic/legendaryConfig/legendary /opt/Heroic/resources/app.asar.unpacked/build/bin/x64/linux/legendary launch 9d2d0eb64d5c44529cece33fe2a46482 --wine /home/SamDaaEpic/.local/share/lutris/runners/wine/wine-ge-8-26-x86_64/bin/wine --language en
(11:48:08) INFO:    [Backend]:          Preventing display to sleep
(11:49:03) INFO:    [Backend]:          Stopping Display Power Saver Blocker
(11:49:03) INFO:    [Frontend]:         Refreshing legendary Library
(11:49:03) INFO:    [Legendary]:        Refreshing library...
(11:49:03) INFO:    [Legendary]:        Refreshing Epic Games...
(11:49:03) INFO:    [Backend]:          Stopping Power Saver Blocker
(11:49:03) INFO:    [Backend]:          Stopping Display Sleep Blocker
(11:49:04) INFO:    [Legendary]:        Running command: LEGENDARY_CONFIG_PATH=/home/SamDaaEpic/.config/heroic/legendaryConfig/legendary /opt/Heroic/resources/app.asar.unpacked/build/bin/x64/linux/legendary list --third-party
(11:49:04) INFO:    [Backend]:          Launching Grand Theft Auto V (9d2d0eb64d5c44529cece33fe2a46482)
(11:49:04) INFO:    [Backend]:          Checking if wine version exists: Wine - wine-ge-8-26-x86_64
(11:49:04) INFO:    [Backend]:          Preventing machine to sleep
(11:49:04) INFO:    [Backend]:          Checking if wine version exists: Wine - wine-ge-8-26-x86_64
(11:49:04) INFO:    [Backend]:          Checking if wine version exists: Wine - wine-ge-8-26-x86_64
(11:49:04) INFO:    [Backend]:          Checking if wine version exists: Wine - wine-ge-8-26-x86_64
(11:49:04) DEBUG:   [Backend]:          Running Wine command: wineboot --init
(11:49:05) INFO:    [DXVKInstaller]:    installing dxvk on... /home/SamDaaEpic/Games/Heroic/Prefixes/default/Grand Theft Auto V
(11:49:05) INFO:    [DXVKInstaller]:    dxvk already installed!
(11:49:05) INFO:    [DXVKInstaller]:    installing dxvk-nvapi on... /home/SamDaaEpic/Games/Heroic/Prefixes/default/Grand Theft Auto V
(11:49:05) INFO:    [DXVKInstaller]:    dxvk-nvapi already installed!
(11:49:05) INFO:    [DXVKInstaller]:    installing vkd3d on... /home/SamDaaEpic/Games/Heroic/Prefixes/default/Grand Theft Auto V
(11:49:05) INFO:    [DXVKInstaller]:    vkd3d already installed!
(11:49:05) INFO:    [Legendary]:        Launching Grand Theft Auto V: HEROIC_APP_NAME=9d2d0eb64d5c44529cece33fe2a46482 HEROIC_APP_RUNNER=legendary GAMEID=umu-0 HEROIC_APP_SOURCE=epic STORE=egs STEAM_COMPAT_INSTALL_PATH=/home/SamDaaEpic/Games/Heroic/GTAV LD_PRELOAD= WINEPREFIX="/home/SamDaaEpic/Games/Heroic/Prefixes/default/Grand Theft Auto V" WINEDLLOVERRIDES=winemenubuilder.exe=d WINE_FULLSCREEN_FSR=0 WINEESYNC=1 WINEFSYNC=1 DXVK_ENABLE_NVAPI=1 DXVK_NVAPI_ALLOW_OTHER_DRIVERS=1 PROTON_EAC_RUNTIME=/home/SamDaaEpic/.config/heroic/tools/runtimes/eac_runtime PROTON_BATTLEYE_RUNTIME=/home/SamDaaEpic/.config/heroic/tools/runtimes/battleye_runtime ORIG_LD_LIBRARY_PATH= LD_LIBRARY_PATH=/home/SamDaaEpic/.local/share/lutris/runners/wine/wine-ge-8-26-x86_64/lib64:/home/SamDaaEpic/.local/share/lutris/runners/wine/wine-ge-8-26-x86_64/lib GST_PLUGIN_SYSTEM_PATH_1_0=/home/SamDaaEpic/.local/share/lutris/runners/wine/wine-ge-8-26-x86_64/lib64/gstreamer-1.0:/home/SamDaaEpic/.local/share/lutris/runners/wine/wine-ge-8-26-x86_64/lib/gstreamer-1.0 WINEDLLPATH=/home/SamDaaEpic/.local/share/lutris/runners/wine/wine-ge-8-26-x86_64/lib64/wine:/home/SamDaaEpic/.local/share/lutris/runners/wine/wine-ge-8-26-x86_64/lib/wine LEGENDARY_CONFIG_PATH=/home/SamDaaEpic/.config/heroic/legendaryConfig/legendary /opt/Heroic/resources/app.asar.unpacked/build/bin/x64/linux/legendary launch 9d2d0eb64d5c44529cece33fe2a46482 --wine /home/SamDaaEpic/.local/share/lutris/runners/wine/wine-ge-8-26-x86_64/bin/wine --language en
(11:49:05) INFO:    [Backend]:          Preventing display to sleep
(11:49:06) INFO:    [Legendary]:        Game list updated, got 6 games & DLCs
(11:49:45) INFO:    [Backend]:          Stopping Display Power Saver Blocker
(11:49:45) INFO:    [Frontend]:         Refreshing legendary Library
(11:49:45) INFO:    [Legendary]:        Refreshing library...
(11:49:45) INFO:    [Legendary]:        Refreshing Epic Games...
(11:49:45) INFO:    [Backend]:          Stopping Power Saver Blocker
(11:49:45) INFO:    [Backend]:          Stopping Display Sleep Blocker
(11:49:45) INFO:    [Legendary]:        Running command: LEGENDARY_CONFIG_PATH=/home/SamDaaEpic/.config/heroic/legendaryConfig/legendary /opt/Heroic/resources/app.asar.unpacked/build/bin/x64/linux/legendary list --third-party
(11:49:46) DEBUG:   [Backend]:          Unable to load Steam Libraries, libraryfolders.vdf not found
(11:49:47) INFO:    [Legendary]:        Game list updated, got 6 games & DLCs
(11:49:50) INFO:    [Backend]:          9d2d0eb64d5c44529cece33fe2a46482: Setting wineVersion to {"bin":"/home/SamDaaEpic/.config/heroic/tools/wine/Wine-GE-Proton8-26/bin/wine","name":"Wine - Wine-GE-Proton8-26","type":"wine","lib":"/home/SamDaaEpic/.config/heroic/tools/wine/Wine-GE-Proton8-26/lib64","lib32":"/home/SamDaaEpic/.config/heroic/tools/wine/Wine-GE-Proton8-26/lib","wineserver":"/home/SamDaaEpic/.config/heroic/tools/wine/Wine-GE-Proton8-26/bin/wineserver"}
(11:49:53) INFO:    [Backend]:          Launching Grand Theft Auto V (9d2d0eb64d5c44529cece33fe2a46482)
(11:49:53) INFO:    [Backend]:          Checking if wine version exists: Wine - Wine-GE-Proton8-26
(11:49:53) INFO:    [Backend]:          Preventing machine to sleep
(11:49:53) INFO:    [Backend]:          Checking if wine version exists: Wine - Wine-GE-Proton8-26
(11:49:53) INFO:    [Backend]:          Checking if wine version exists: Wine - Wine-GE-Proton8-26
(11:49:53) INFO:    [Backend]:          Checking if wine version exists: Wine - Wine-GE-Proton8-26
(11:49:53) DEBUG:   [Backend]:          Running Wine command: wineboot --init
(11:49:53) INFO:    [DXVKInstaller]:    installing dxvk on... /home/SamDaaEpic/Games/Heroic/Prefixes/default/Grand Theft Auto V
(11:49:53) INFO:    [DXVKInstaller]:    dxvk already installed!
(11:49:53) INFO:    [DXVKInstaller]:    installing dxvk-nvapi on... /home/SamDaaEpic/Games/Heroic/Prefixes/default/Grand Theft Auto V
(11:49:53) INFO:    [DXVKInstaller]:    dxvk-nvapi already installed!
(11:49:53) INFO:    [DXVKInstaller]:    installing vkd3d on... /home/SamDaaEpic/Games/Heroic/Prefixes/default/Grand Theft Auto V
(11:49:53) INFO:    [DXVKInstaller]:    vkd3d already installed!
(11:49:54) INFO:    [Legendary]:        Launching Grand Theft Auto V: HEROIC_APP_NAME=9d2d0eb64d5c44529cece33fe2a46482 HEROIC_APP_RUNNER=legendary GAMEID=umu-0 HEROIC_APP_SOURCE=epic STORE=egs STEAM_COMPAT_INSTALL_PATH=/home/SamDaaEpic/Games/Heroic/GTAV LD_PRELOAD= WINEPREFIX="/home/SamDaaEpic/Games/Heroic/Prefixes/default/Grand Theft Auto V" WINEDLLOVERRIDES=winemenubuilder.exe=d WINE_FULLSCREEN_FSR=0 WINEESYNC=1 WINEFSYNC=1 DXVK_ENABLE_NVAPI=1 DXVK_NVAPI_ALLOW_OTHER_DRIVERS=1 PROTON_EAC_RUNTIME=/home/SamDaaEpic/.config/heroic/tools/runtimes/eac_runtime PROTON_BATTLEYE_RUNTIME=/home/SamDaaEpic/.config/heroic/tools/runtimes/battleye_runtime ORIG_LD_LIBRARY_PATH= LD_LIBRARY_PATH=/home/SamDaaEpic/.config/heroic/tools/wine/Wine-GE-Proton8-26/lib64:/home/SamDaaEpic/.config/heroic/tools/wine/Wine-GE-Proton8-26/lib GST_PLUGIN_SYSTEM_PATH_1_0=/home/SamDaaEpic/.config/heroic/tools/wine/Wine-GE-Proton8-26/lib64/gstreamer-1.0:/home/SamDaaEpic/.config/heroic/tools/wine/Wine-GE-Proton8-26/lib/gstreamer-1.0 WINEDLLPATH=/home/SamDaaEpic/.config/heroic/tools/wine/Wine-GE-Proton8-26/lib64/wine:/home/SamDaaEpic/.config/heroic/tools/wine/Wine-GE-Proton8-26/lib/wine LEGENDARY_CONFIG_PATH=/home/SamDaaEpic/.config/heroic/legendaryConfig/legendary /opt/Heroic/resources/app.asar.unpacked/build/bin/x64/linux/legendary launch 9d2d0eb64d5c44529cece33fe2a46482 --wine /home/SamDaaEpic/.config/heroic/tools/wine/Wine-GE-Proton8-26/bin/wine --language en
(11:49:54) INFO:    [Backend]:          Preventing display to sleep
(11:52:57) DEBUG:   [Backend]:          Unable to load Steam Libraries, libraryfolders.vdf not found
(11:52:58) INFO:    [Backend]:          Stopping Display Power Saver Blocker
(11:52:58) INFO:    [Frontend]:         Refreshing legendary Library
(11:52:58) INFO:    [Legendary]:        Refreshing library...
(11:52:58) INFO:    [Legendary]:        Refreshing Epic Games...
(11:52:58) INFO:    [Backend]:          Stopping Power Saver Blocker
(11:52:58) INFO:    [Backend]:          Stopping Display Sleep Blocker
(11:52:58) INFO:    [Legendary]:        Running command: LEGENDARY_CONFIG_PATH=/home/SamDaaEpic/.config/heroic/legendaryConfig/legendary /opt/Heroic/resources/app.asar.unpacked/build/bin/x64/linux/legendary list --third-party
(11:53:01) INFO:    [Legendary]:        Game list updated, got 6 games & DLCs
(11:53:09) INFO:    [Backend]:          9d2d0eb64d5c44529cece33fe2a46482: Setting targetExe to ""
(11:53:13) INFO:    [Backend]:          9d2d0eb64d5c44529cece33fe2a46482: Setting targetExe to "/home/SamDaaEpic/Games/Heroic/GTAV/fix.bat"
(11:53:18) INFO:    [Backend]:          Launching Grand Theft Auto V (9d2d0eb64d5c44529cece33fe2a46482)
(11:53:18) INFO:    [Backend]:          Checking if wine version exists: Wine - Wine-GE-Proton8-26
(11:53:18) INFO:    [Backend]:          Preventing machine to sleep
(11:53:19) INFO:    [Backend]:          Checking if wine version exists: Wine - Wine-GE-Proton8-26
(11:53:19) INFO:    [Backend]:          Checking if wine version exists: Wine - Wine-GE-Proton8-26
(11:53:19) INFO:    [Backend]:          Checking if wine version exists: Wine - Wine-GE-Proton8-26
(11:53:19) DEBUG:   [Backend]:          Running Wine command: wineboot --init
(11:53:19) INFO:    [DXVKInstaller]:    installing dxvk on... /home/SamDaaEpic/Games/Heroic/Prefixes/default/Grand Theft Auto V
(11:53:19) INFO:    [DXVKInstaller]:    dxvk already installed!
(11:53:19) INFO:    [DXVKInstaller]:    installing dxvk-nvapi on... /home/SamDaaEpic/Games/Heroic/Prefixes/default/Grand Theft Auto V
(11:53:19) INFO:    [DXVKInstaller]:    dxvk-nvapi already installed!
(11:53:19) INFO:    [DXVKInstaller]:    installing vkd3d on... /home/SamDaaEpic/Games/Heroic/Prefixes/default/Grand Theft Auto V
(11:53:19) INFO:    [DXVKInstaller]:    vkd3d already installed!
(11:53:19) INFO:    [Legendary]:        Launching Grand Theft Auto V: HEROIC_APP_NAME=9d2d0eb64d5c44529cece33fe2a46482 HEROIC_APP_RUNNER=legendary GAMEID=umu-0 HEROIC_APP_SOURCE=epic STORE=egs STEAM_COMPAT_INSTALL_PATH=/home/SamDaaEpic/Games/Heroic/GTAV LD_PRELOAD= WINEPREFIX="/home/SamDaaEpic/Games/Heroic/Prefixes/default/Grand Theft Auto V" WINEDLLOVERRIDES=winemenubuilder.exe=d WINE_FULLSCREEN_FSR=0 WINEESYNC=1 WINEFSYNC=1 DXVK_ENABLE_NVAPI=1 DXVK_NVAPI_ALLOW_OTHER_DRIVERS=1 PROTON_EAC_RUNTIME=/home/SamDaaEpic/.config/heroic/tools/runtimes/eac_runtime PROTON_BATTLEYE_RUNTIME=/home/SamDaaEpic/.config/heroic/tools/runtimes/battleye_runtime ORIG_LD_LIBRARY_PATH= LD_LIBRARY_PATH=/home/SamDaaEpic/.config/heroic/tools/wine/Wine-GE-Proton8-26/lib64:/home/SamDaaEpic/.config/heroic/tools/wine/Wine-GE-Proton8-26/lib GST_PLUGIN_SYSTEM_PATH_1_0=/home/SamDaaEpic/.config/heroic/tools/wine/Wine-GE-Proton8-26/lib64/gstreamer-1.0:/home/SamDaaEpic/.config/heroic/tools/wine/Wine-GE-Proton8-26/lib/gstreamer-1.0 WINEDLLPATH=/home/SamDaaEpic/.config/heroic/tools/wine/Wine-GE-Proton8-26/lib64/wine:/home/SamDaaEpic/.config/heroic/tools/wine/Wine-GE-Proton8-26/lib/wine LEGENDARY_CONFIG_PATH=/home/SamDaaEpic/.config/heroic/legendaryConfig/legendary /opt/Heroic/resources/app.asar.unpacked/build/bin/x64/linux/legendary launch 9d2d0eb64d5c44529cece33fe2a46482 --wine /home/SamDaaEpic/.config/heroic/tools/wine/Wine-GE-Proton8-26/bin/wine --language en --override-exe /home/SamDaaEpic/Games/Heroic/GTAV/fix.bat
(11:53:19) INFO:    [Backend]:          Preventing display to sleep
(11:53:48) INFO:    [Backend]:          Stopping Display Power Saver Blocker
(11:53:48) INFO:    [Frontend]:         Refreshing legendary Library
(11:53:48) INFO:    [Legendary]:        Refreshing library...
(11:53:48) INFO:    [Legendary]:        Refreshing Epic Games...
(11:53:48) INFO:    [Backend]:          Stopping Power Saver Blocker
(11:53:48) INFO:    [Backend]:          Stopping Display Sleep Blocker
(11:53:49) INFO:    [Legendary]:        Running command: LEGENDARY_CONFIG_PATH=/home/SamDaaEpic/.config/heroic/legendaryConfig/legendary /opt/Heroic/resources/app.asar.unpacked/build/bin/x64/linux/legendary list --third-party
(11:53:51) INFO:    [Legendary]:        Game list updated, got 6 games & DLCs
(11:54:47) INFO:    [Backend]:          Launching Grand Theft Auto V (9d2d0eb64d5c44529cece33fe2a46482)
(11:54:47) INFO:    [Backend]:          Checking if wine version exists: Wine - Wine-GE-Proton8-26
(11:54:47) INFO:    [Backend]:          Preventing machine to sleep
(11:54:47) INFO:    [Backend]:          Checking if wine version exists: Wine - Wine-GE-Proton8-26
(11:54:47) INFO:    [Backend]:          Checking if wine version exists: Wine - Wine-GE-Proton8-26
(11:54:47) INFO:    [Backend]:          Checking if wine version exists: Wine - Wine-GE-Proton8-26
(11:54:47) DEBUG:   [Backend]:          Running Wine command: wineboot --init
(11:54:47) INFO:    [DXVKInstaller]:    installing dxvk on... /home/SamDaaEpic/Games/Heroic/Prefixes/default/Grand Theft Auto V
(11:54:47) INFO:    [DXVKInstaller]:    dxvk already installed!
(11:54:47) INFO:    [DXVKInstaller]:    installing dxvk-nvapi on... /home/SamDaaEpic/Games/Heroic/Prefixes/default/Grand Theft Auto V
(11:54:47) INFO:    [DXVKInstaller]:    dxvk-nvapi already installed!
(11:54:47) INFO:    [DXVKInstaller]:    installing vkd3d on... /home/SamDaaEpic/Games/Heroic/Prefixes/default/Grand Theft Auto V
(11:54:47) INFO:    [DXVKInstaller]:    vkd3d already installed!
(11:54:48) INFO:    [Legendary]:        Launching Grand Theft Auto V: HEROIC_APP_NAME=9d2d0eb64d5c44529cece33fe2a46482 HEROIC_APP_RUNNER=legendary GAMEID=umu-0 HEROIC_APP_SOURCE=epic STORE=egs STEAM_COMPAT_INSTALL_PATH=/home/SamDaaEpic/Games/Heroic/GTAV LD_PRELOAD= WINEPREFIX="/home/SamDaaEpic/Games/Heroic/Prefixes/default/Grand Theft Auto V" WINEDLLOVERRIDES=winemenubuilder.exe=d WINE_FULLSCREEN_FSR=0 WINEESYNC=1 WINEFSYNC=1 DXVK_ENABLE_NVAPI=1 DXVK_NVAPI_ALLOW_OTHER_DRIVERS=1 PROTON_EAC_RUNTIME=/home/SamDaaEpic/.config/heroic/tools/runtimes/eac_runtime PROTON_BATTLEYE_RUNTIME=/home/SamDaaEpic/.config/heroic/tools/runtimes/battleye_runtime ORIG_LD_LIBRARY_PATH= LD_LIBRARY_PATH=/home/SamDaaEpic/.config/heroic/tools/wine/Wine-GE-Proton8-26/lib64:/home/SamDaaEpic/.config/heroic/tools/wine/Wine-GE-Proton8-26/lib GST_PLUGIN_SYSTEM_PATH_1_0=/home/SamDaaEpic/.config/heroic/tools/wine/Wine-GE-Proton8-26/lib64/gstreamer-1.0:/home/SamDaaEpic/.config/heroic/tools/wine/Wine-GE-Proton8-26/lib/gstreamer-1.0 WINEDLLPATH=/home/SamDaaEpic/.config/heroic/tools/wine/Wine-GE-Proton8-26/lib64/wine:/home/SamDaaEpic/.config/heroic/tools/wine/Wine-GE-Proton8-26/lib/wine LEGENDARY_CONFIG_PATH=/home/SamDaaEpic/.config/heroic/legendaryConfig/legendary /opt/Heroic/resources/app.asar.unpacked/build/bin/x64/linux/legendary launch 9d2d0eb64d5c44529cece33fe2a46482 --wine /home/SamDaaEpic/.config/heroic/tools/wine/Wine-GE-Proton8-26/bin/wine --language en --override-exe /home/SamDaaEpic/Games/Heroic/GTAV/fix.bat
(11:54:48) INFO:    [Backend]:          Preventing display to sleep
(11:56:35) INFO:    [Backend]:          Stopping Display Power Saver Blocker
(11:56:35) INFO:    [Frontend]:         Refreshing legendary Library
(11:56:35) INFO:    [Legendary]:        Refreshing library...
(11:56:35) INFO:    [Legendary]:        Refreshing Epic Games...
(11:56:35) INFO:    [Backend]:          Stopping Power Saver Blocker
(11:56:35) INFO:    [Backend]:          Stopping Display Sleep Blocker
(11:56:36) INFO:    [Legendary]:        Running command: LEGENDARY_CONFIG_PATH=/home/SamDaaEpic/.config/heroic/legendaryConfig/legendary /opt/Heroic/resources/app.asar.unpacked/build/bin/x64/linux/legendary list --third-party
(11:56:36) INFO:    [Backend]:          Launching Grand Theft Auto V (9d2d0eb64d5c44529cece33fe2a46482)
(11:56:36) INFO:    [Backend]:          Checking if wine version exists: Wine - Wine-GE-Proton8-26
(11:56:36) INFO:    [Backend]:          Checking if wine version exists: Wine - Wine-GE-Proton8-26
(11:56:36) INFO:    [Backend]:          Checking if wine version exists: Wine - Wine-GE-Proton8-26
(11:56:36) INFO:    [Backend]:          Checking if wine version exists: Wine - Wine-GE-Proton8-26
(11:56:36) DEBUG:   [Backend]:          Running Wine command: wineboot --init
(11:56:36) INFO:    [Backend]:          Preventing machine to sleep
(11:56:37) INFO:    [DXVKInstaller]:    installing dxvk on... /home/SamDaaEpic/Games/Heroic/Prefixes/default/Grand Theft Auto V
(11:56:37) INFO:    [DXVKInstaller]:    dxvk already installed!
(11:56:37) INFO:    [DXVKInstaller]:    installing dxvk-nvapi on... /home/SamDaaEpic/Games/Heroic/Prefixes/default/Grand Theft Auto V
(11:56:37) INFO:    [DXVKInstaller]:    dxvk-nvapi already installed!
(11:56:37) INFO:    [DXVKInstaller]:    installing vkd3d on... /home/SamDaaEpic/Games/Heroic/Prefixes/default/Grand Theft Auto V
(11:56:37) INFO:    [DXVKInstaller]:    vkd3d already installed!
(11:56:37) INFO:    [Legendary]:        Launching Grand Theft Auto V: HEROIC_APP_NAME=9d2d0eb64d5c44529cece33fe2a46482 HEROIC_APP_RUNNER=legendary GAMEID=umu-0 HEROIC_APP_SOURCE=epic STORE=egs STEAM_COMPAT_INSTALL_PATH=/home/SamDaaEpic/Games/Heroic/GTAV LD_PRELOAD= WINEPREFIX="/home/SamDaaEpic/Games/Heroic/Prefixes/default/Grand Theft Auto V" WINEDLLOVERRIDES=winemenubuilder.exe=d WINE_FULLSCREEN_FSR=0 WINEESYNC=1 WINEFSYNC=1 DXVK_ENABLE_NVAPI=1 DXVK_NVAPI_ALLOW_OTHER_DRIVERS=1 PROTON_EAC_RUNTIME=/home/SamDaaEpic/.config/heroic/tools/runtimes/eac_runtime PROTON_BATTLEYE_RUNTIME=/home/SamDaaEpic/.config/heroic/tools/runtimes/battleye_runtime ORIG_LD_LIBRARY_PATH= LD_LIBRARY_PATH=/home/SamDaaEpic/.config/heroic/tools/wine/Wine-GE-Proton8-26/lib64:/home/SamDaaEpic/.config/heroic/tools/wine/Wine-GE-Proton8-26/lib GST_PLUGIN_SYSTEM_PATH_1_0=/home/SamDaaEpic/.config/heroic/tools/wine/Wine-GE-Proton8-26/lib64/gstreamer-1.0:/home/SamDaaEpic/.config/heroic/tools/wine/Wine-GE-Proton8-26/lib/gstreamer-1.0 WINEDLLPATH=/home/SamDaaEpic/.config/heroic/tools/wine/Wine-GE-Proton8-26/lib64/wine:/home/SamDaaEpic/.config/heroic/tools/wine/Wine-GE-Proton8-26/lib/wine LEGENDARY_CONFIG_PATH=/home/SamDaaEpic/.config/heroic/legendaryConfig/legendary /opt/Heroic/resources/app.asar.unpacked/build/bin/x64/linux/legendary launch 9d2d0eb64d5c44529cece33fe2a46482 --wine /home/SamDaaEpic/.config/heroic/tools/wine/Wine-GE-Proton8-26/bin/wine --language en --override-exe /home/SamDaaEpic/Games/Heroic/GTAV/fix.bat
(11:56:37) INFO:    [Backend]:          Preventing display to sleep
(11:56:38) INFO:    [Legendary]:        Game list updated, got 6 games & DLCs
(11:56:39) INFO:    [Backend]:          Stopping Display Power Saver Blocker
(11:56:39) INFO:    [Frontend]:         Refreshing legendary Library
(11:56:39) INFO:    [Legendary]:        Refreshing library...
(11:56:39) INFO:    [Legendary]:        Refreshing Epic Games...
(11:56:39) INFO:    [Backend]:          Stopping Power Saver Blocker
(11:56:39) INFO:    [Backend]:          Stopping Display Sleep Blocker
(11:56:39) INFO:    [Legendary]:        Running command: LEGENDARY_CONFIG_PATH=/home/SamDaaEpic/.config/heroic/legendaryConfig/legendary /opt/Heroic/resources/app.asar.unpacked/build/bin/x64/linux/legendary list --third-party
(11:56:41) INFO:    [Legendary]:        Game list updated, got 6 games & DLCs
(11:56:44) INFO:    [Backend]:          Launching Grand Theft Auto V (9d2d0eb64d5c44529cece33fe2a46482)
(11:56:44) INFO:    [Backend]:          Checking if wine version exists: Wine - Wine-GE-Proton8-26
(11:56:44) INFO:    [Backend]:          Preventing machine to sleep
(11:56:44) INFO:    [Backend]:          Checking if wine version exists: Wine - Wine-GE-Proton8-26
(11:56:44) INFO:    [Backend]:          Checking if wine version exists: Wine - Wine-GE-Proton8-26
(11:56:44) INFO:    [Backend]:          Checking if wine version exists: Wine - Wine-GE-Proton8-26
(11:56:44) DEBUG:   [Backend]:          Running Wine command: wineboot --init
(11:56:44) INFO:    [DXVKInstaller]:    installing dxvk on... /home/SamDaaEpic/Games/Heroic/Prefixes/default/Grand Theft Auto V
(11:56:44) INFO:    [DXVKInstaller]:    dxvk already installed!
(11:56:44) INFO:    [DXVKInstaller]:    installing dxvk-nvapi on... /home/SamDaaEpic/Games/Heroic/Prefixes/default/Grand Theft Auto V
(11:56:44) INFO:    [DXVKInstaller]:    dxvk-nvapi already installed!
(11:56:44) INFO:    [DXVKInstaller]:    installing vkd3d on... /home/SamDaaEpic/Games/Heroic/Prefixes/default/Grand Theft Auto V
(11:56:44) INFO:    [DXVKInstaller]:    vkd3d already installed!
(11:56:45) INFO:    [Legendary]:        Launching Grand Theft Auto V: HEROIC_APP_NAME=9d2d0eb64d5c44529cece33fe2a46482 HEROIC_APP_RUNNER=legendary GAMEID=umu-0 HEROIC_APP_SOURCE=epic STORE=egs STEAM_COMPAT_INSTALL_PATH=/home/SamDaaEpic/Games/Heroic/GTAV LD_PRELOAD= WINEPREFIX="/home/SamDaaEpic/Games/Heroic/Prefixes/default/Grand Theft Auto V" WINEDLLOVERRIDES=winemenubuilder.exe=d WINE_FULLSCREEN_FSR=0 WINEESYNC=1 WINEFSYNC=1 DXVK_ENABLE_NVAPI=1 DXVK_NVAPI_ALLOW_OTHER_DRIVERS=1 PROTON_EAC_RUNTIME=/home/SamDaaEpic/.config/heroic/tools/runtimes/eac_runtime PROTON_BATTLEYE_RUNTIME=/home/SamDaaEpic/.config/heroic/tools/runtimes/battleye_runtime ORIG_LD_LIBRARY_PATH= LD_LIBRARY_PATH=/home/SamDaaEpic/.config/heroic/tools/wine/Wine-GE-Proton8-26/lib64:/home/SamDaaEpic/.config/heroic/tools/wine/Wine-GE-Proton8-26/lib GST_PLUGIN_SYSTEM_PATH_1_0=/home/SamDaaEpic/.config/heroic/tools/wine/Wine-GE-Proton8-26/lib64/gstreamer-1.0:/home/SamDaaEpic/.config/heroic/tools/wine/Wine-GE-Proton8-26/lib/gstreamer-1.0 WINEDLLPATH=/home/SamDaaEpic/.config/heroic/tools/wine/Wine-GE-Proton8-26/lib64/wine:/home/SamDaaEpic/.config/heroic/tools/wine/Wine-GE-Proton8-26/lib/wine LEGENDARY_CONFIG_PATH=/home/SamDaaEpic/.config/heroic/legendaryConfig/legendary /opt/Heroic/resources/app.asar.unpacked/build/bin/x64/linux/legendary launch 9d2d0eb64d5c44529cece33fe2a46482 --wine /home/SamDaaEpic/.config/heroic/tools/wine/Wine-GE-Proton8-26/bin/wine --language en --override-exe /home/SamDaaEpic/Games/Heroic/GTAV/fix.bat
(11:56:45) INFO:    [Backend]:          Preventing display to sleep
(11:56:47) INFO:    [Backend]:          Stopping Display Power Saver Blocker
(11:56:47) INFO:    [Frontend]:         Refreshing legendary Library
(11:56:47) INFO:    [Legendary]:        Refreshing library...
(11:56:47) INFO:    [Legendary]:        Refreshing Epic Games...
(11:56:47) INFO:    [Backend]:          Stopping Power Saver Blocker
(11:56:47) INFO:    [Backend]:          Stopping Display Sleep Blocker
(11:56:47) INFO:    [Legendary]:        Running command: LEGENDARY_CONFIG_PATH=/home/SamDaaEpic/.config/heroic/legendaryConfig/legendary /opt/Heroic/resources/app.asar.unpacked/build/bin/x64/linux/legendary list --third-party
(11:56:49) INFO:    [Legendary]:        Game list updated, got 6 games & DLCs
(11:57:07) INFO:    [Backend]:          Launching Grand Theft Auto V (9d2d0eb64d5c44529cece33fe2a46482)
(11:57:07) INFO:    [Backend]:          Checking if wine version exists: Wine - Wine-GE-Proton8-26
(11:57:07) INFO:    [Backend]:          Preventing machine to sleep
(11:57:08) INFO:    [Backend]:          Checking if wine version exists: Wine - Wine-GE-Proton8-26
(11:57:08) INFO:    [Backend]:          Checking if wine version exists: Wine - Wine-GE-Proton8-26
(11:57:08) INFO:    [Backend]:          Checking if wine version exists: Wine - Wine-GE-Proton8-26
(11:57:08) DEBUG:   [Backend]:          Running Wine command: wineboot --init
(11:57:08) INFO:    [DXVKInstaller]:    installing dxvk on... /home/SamDaaEpic/Games/Heroic/Prefixes/default/Grand Theft Auto V
(11:57:08) INFO:    [DXVKInstaller]:    dxvk already installed!
(11:57:08) INFO:    [DXVKInstaller]:    installing dxvk-nvapi on... /home/SamDaaEpic/Games/Heroic/Prefixes/default/Grand Theft Auto V
(11:57:08) INFO:    [DXVKInstaller]:    dxvk-nvapi already installed!
(11:57:08) INFO:    [DXVKInstaller]:    installing vkd3d on... /home/SamDaaEpic/Games/Heroic/Prefixes/default/Grand Theft Auto V
(11:57:08) INFO:    [DXVKInstaller]:    vkd3d already installed!
(11:57:08) INFO:    [Legendary]:        Launching Grand Theft Auto V: HEROIC_APP_NAME=9d2d0eb64d5c44529cece33fe2a46482 HEROIC_APP_RUNNER=legendary GAMEID=umu-0 HEROIC_APP_SOURCE=epic STORE=egs STEAM_COMPAT_INSTALL_PATH=/home/SamDaaEpic/Games/Heroic/GTAV LD_PRELOAD= WINEPREFIX="/home/SamDaaEpic/Games/Heroic/Prefixes/default/Grand Theft Auto V" WINEDLLOVERRIDES=winemenubuilder.exe=d WINE_FULLSCREEN_FSR=0 WINEESYNC=1 WINEFSYNC=1 DXVK_ENABLE_NVAPI=1 DXVK_NVAPI_ALLOW_OTHER_DRIVERS=1 PROTON_EAC_RUNTIME=/home/SamDaaEpic/.config/heroic/tools/runtimes/eac_runtime PROTON_BATTLEYE_RUNTIME=/home/SamDaaEpic/.config/heroic/tools/runtimes/battleye_runtime ORIG_LD_LIBRARY_PATH= LD_LIBRARY_PATH=/home/SamDaaEpic/.config/heroic/tools/wine/Wine-GE-Proton8-26/lib64:/home/SamDaaEpic/.config/heroic/tools/wine/Wine-GE-Proton8-26/lib GST_PLUGIN_SYSTEM_PATH_1_0=/home/SamDaaEpic/.config/heroic/tools/wine/Wine-GE-Proton8-26/lib64/gstreamer-1.0:/home/SamDaaEpic/.config/heroic/tools/wine/Wine-GE-Proton8-26/lib/gstreamer-1.0 WINEDLLPATH=/home/SamDaaEpic/.config/heroic/tools/wine/Wine-GE-Proton8-26/lib64/wine:/home/SamDaaEpic/.config/heroic/tools/wine/Wine-GE-Proton8-26/lib/wine LEGENDARY_CONFIG_PATH=/home/SamDaaEpic/.config/heroic/legendaryConfig/legendary /opt/Heroic/resources/app.asar.unpacked/build/bin/x64/linux/legendary launch 9d2d0eb64d5c44529cece33fe2a46482 --wine /home/SamDaaEpic/.config/heroic/tools/wine/Wine-GE-Proton8-26/bin/wine --language en --override-exe /home/SamDaaEpic/Games/Heroic/GTAV/fix.bat
(11:57:08) INFO:    [Backend]:          Preventing display to sleep
(11:57:37) INFO:    [Backend]:          Stopping Display Power Saver Blocker
(11:57:37) INFO:    [Frontend]:         Refreshing legendary Library
(11:57:37) INFO:    [Legendary]:        Refreshing library...
(11:57:37) INFO:    [Legendary]:        Refreshing Epic Games...
(11:57:37) INFO:    [Backend]:          Stopping Power Saver Blocker
(11:57:37) INFO:    [Backend]:          Stopping Display Sleep Blocker
(11:57:38) INFO:    [Legendary]:        Running command: LEGENDARY_CONFIG_PATH=/home/SamDaaEpic/.config/heroic/legendaryConfig/legendary /opt/Heroic/resources/app.asar.unpacked/build/bin/x64/linux/legendary list --third-party
(11:57:40) INFO:    [Legendary]:        Game list updated, got 6 games & DLCs
(11:57:40) DEBUG:   [Backend]:          Unable to load Steam Libraries, libraryfolders.vdf not found
(11:57:43) INFO:    [Backend]:          9d2d0eb64d5c44529cece33fe2a46482: Setting wineVersion to {"bin":"/home/SamDaaEpic/.local/share/lutris/runners/wine/wine-ge-8-26-x86_64/bin/wine","name":"Wine - wine-ge-8-26-x86_64","type":"wine","lib":"/home/SamDaaEpic/.local/share/lutris/runners/wine/wine-ge-8-26-x86_64/lib64","lib32":"/home/SamDaaEpic/.local/share/lutris/runners/wine/wine-ge-8-26-x86_64/lib","wineserver":"/home/SamDaaEpic/.local/share/lutris/runners/wine/wine-ge-8-26-x86_64/bin/wineserver"}
(11:57:46) INFO:    [Backend]:          Launching Grand Theft Auto V (9d2d0eb64d5c44529cece33fe2a46482)
(11:57:46) INFO:    [Backend]:          Checking if wine version exists: Wine - wine-ge-8-26-x86_64
(11:57:46) INFO:    [Backend]:          Preventing machine to sleep
(11:57:47) INFO:    [Backend]:          Checking if wine version exists: Wine - wine-ge-8-26-x86_64
(11:57:47) INFO:    [Backend]:          Checking if wine version exists: Wine - wine-ge-8-26-x86_64
(11:57:47) INFO:    [Backend]:          Checking if wine version exists: Wine - wine-ge-8-26-x86_64
(11:57:47) DEBUG:   [Backend]:          Running Wine command: wineboot --init
(11:57:47) INFO:    [DXVKInstaller]:    installing dxvk on... /home/SamDaaEpic/Games/Heroic/Prefixes/default/Grand Theft Auto V
(11:57:47) INFO:    [DXVKInstaller]:    dxvk already installed!
(11:57:47) INFO:    [DXVKInstaller]:    installing dxvk-nvapi on... /home/SamDaaEpic/Games/Heroic/Prefixes/default/Grand Theft Auto V
(11:57:47) INFO:    [DXVKInstaller]:    dxvk-nvapi already installed!
(11:57:47) INFO:    [DXVKInstaller]:    installing vkd3d on... /home/SamDaaEpic/Games/Heroic/Prefixes/default/Grand Theft Auto V
(11:57:47) INFO:    [DXVKInstaller]:    vkd3d already installed!
(11:57:48) INFO:    [Legendary]:        Launching Grand Theft Auto V: HEROIC_APP_NAME=9d2d0eb64d5c44529cece33fe2a46482 HEROIC_APP_RUNNER=legendary GAMEID=umu-0 HEROIC_APP_SOURCE=epic STORE=egs STEAM_COMPAT_INSTALL_PATH=/home/SamDaaEpic/Games/Heroic/GTAV LD_PRELOAD= WINEPREFIX="/home/SamDaaEpic/Games/Heroic/Prefixes/default/Grand Theft Auto V" WINEDLLOVERRIDES=winemenubuilder.exe=d WINE_FULLSCREEN_FSR=0 WINEESYNC=1 WINEFSYNC=1 DXVK_ENABLE_NVAPI=1 DXVK_NVAPI_ALLOW_OTHER_DRIVERS=1 PROTON_EAC_RUNTIME=/home/SamDaaEpic/.config/heroic/tools/runtimes/eac_runtime PROTON_BATTLEYE_RUNTIME=/home/SamDaaEpic/.config/heroic/tools/runtimes/battleye_runtime ORIG_LD_LIBRARY_PATH= LD_LIBRARY_PATH=/home/SamDaaEpic/.local/share/lutris/runners/wine/wine-ge-8-26-x86_64/lib64:/home/SamDaaEpic/.local/share/lutris/runners/wine/wine-ge-8-26-x86_64/lib GST_PLUGIN_SYSTEM_PATH_1_0=/home/SamDaaEpic/.local/share/lutris/runners/wine/wine-ge-8-26-x86_64/lib64/gstreamer-1.0:/home/SamDaaEpic/.local/share/lutris/runners/wine/wine-ge-8-26-x86_64/lib/gstreamer-1.0 WINEDLLPATH=/home/SamDaaEpic/.local/share/lutris/runners/wine/wine-ge-8-26-x86_64/lib64/wine:/home/SamDaaEpic/.local/share/lutris/runners/wine/wine-ge-8-26-x86_64/lib/wine LEGENDARY_CONFIG_PATH=/home/SamDaaEpic/.config/heroic/legendaryConfig/legendary /opt/Heroic/resources/app.asar.unpacked/build/bin/x64/linux/legendary launch 9d2d0eb64d5c44529cece33fe2a46482 --wine /home/SamDaaEpic/.local/share/lutris/runners/wine/wine-ge-8-26-x86_64/bin/wine --language en --override-exe /home/SamDaaEpic/Games/Heroic/GTAV/fix.bat
(11:57:48) INFO:    [Backend]:          Preventing display to sleep
(11:58:16) INFO:    [Backend]:          Stopping Display Power Saver Blocker
(11:58:16) INFO:    [Frontend]:         Refreshing legendary Library
(11:58:16) INFO:    [Legendary]:        Refreshing library...
(11:58:16) INFO:    [Legendary]:        Refreshing Epic Games...
(11:58:16) INFO:    [Backend]:          Stopping Power Saver Blocker
(11:58:16) INFO:    [Backend]:          Stopping Display Sleep Blocker
(11:58:16) INFO:    [Legendary]:        Running command: LEGENDARY_CONFIG_PATH=/home/SamDaaEpic/.config/heroic/legendaryConfig/legendary /opt/Heroic/resources/app.asar.unpacked/build/bin/x64/linux/legendary list --third-party
(11:58:19) INFO:    [Legendary]:        Game list updated, got 6 games & DLCs
(12:12:47) DEBUG:   [Backend]:          Unable to load Steam Libraries, libraryfolders.vdf not found
(12:12:57) INFO:    [Legendary]:        Uninstalling 9d2d0eb64d5c44529cece33fe2a46482: LEGENDARY_CONFIG_PATH=/home/SamDaaEpic/.config/heroic/legendaryConfig/legendary /opt/Heroic/resources/app.asar.unpacked/build/bin/x64/linux/legendary uninstall 9d2d0eb64d5c44529cece33fe2a46482 -y
(12:12:57) INFO:    [Backend]:          Preventing machine to sleep
(12:12:59) INFO:    [Legendary]:        installed.json updated, refreshing library
(12:12:59) WARNING: [Shortcuts]:        /home/SamDaaEpic/.steam/steam/userdata does not exist. Can't add/remove game to/from Steam!
(12:12:59) INFO:    [Backend]:          Removing 9d2d0eb64d5c44529cece33fe2a46482.json
(12:12:59) INFO:    [Backend]:          Removing 9d2d0eb64d5c44529cece33fe2a46482.log
(12:12:59) INFO:    [Backend]:          Removing 9d2d0eb64d5c44529cece33fe2a46482-lastPlay.log
(12:12:59) INFO:    [Backend]:          Finished uninstalling
(12:12:59) INFO:    [Backend]:          Removing prefix /home/SamDaaEpic/Games/Heroic/Prefixes/default/Grand Theft Auto V
(12:13:00) INFO:    [Frontend]:         Refreshing legendary Library
(12:13:00) INFO:    [Legendary]:        Refreshing library...
(12:13:00) INFO:    [Legendary]:        Refreshing Epic Games...
(12:13:00) INFO:    [Backend]:          Stopping Power Saver Blocker
(12:13:00) INFO:    [Backend]:          Desktop shortcut removed
(12:13:00) INFO:    [Backend]:          Applications shortcut removed
(12:13:00) INFO:    [Legendary]:        Running command: LEGENDARY_CONFIG_PATH=/home/SamDaaEpic/.config/heroic/legendaryConfig/legendary /opt/Heroic/resources/app.asar.unpacked/build/bin/x64/linux/legendary list --third-party
(12:13:02) INFO:    [Legendary]:        Game list updated, got 6 games & DLCs
