[2025-Apr-11 19:44:44.892 +05:30][59581:59581][info ] Logging initialized
[2025-Apr-11 19:44:44.892 +05:30][59581:59581][info ] Initializing krisp SDK...
[2025-Apr-11 19:44:44.892 +05:30][59581:59581][info ] DoKrispInitialize
[2025-Apr-11 19:44:45.304 +05:30][59581:59581][info ] LoadDynamicKrisp
[2025-Apr-11 19:44:45.304 +05:30][59581:59581][info ] Did not find KRISP_DYLIB_PATH, skipping dynamic loading
[2025-Apr-11 19:44:45.304 +05:30][59581:59581][info ] Initializing Krisp SDK in PID 59581, addr 0x7c245b5908f0
[2025-Apr-11 19:44:45.568 +05:30][59581:59581][info ] Initialized Krisp SDK successfully
[2025-Apr-11 19:44:45.568 +05:30][59581:59581][info ] Krisp SDK initialized
[2025-Apr-11 22:06:33.252 +05:30][65078:65078][info ] Logging initialized
[2025-Apr-11 22:06:33.252 +05:30][65078:65078][info ] Initializing krisp SDK...
[2025-Apr-11 22:06:33.252 +05:30][65078:65078][info ] DoKrispInitialize
[2025-Apr-11 22:06:33.554 +05:30][65078:65078][info ] LoadDynamicKrisp
[2025-Apr-11 22:06:33.554 +05:30][65078:65078][info ] Did not find KRISP_DYLIB_PATH, skipping dynamic loading
[2025-Apr-11 22:06:33.554 +05:30][65078:65078][info ] Initializing Krisp SDK in PID 65078, addr 0x78c9261908f0
[2025-Apr-11 22:06:33.745 +05:30][65078:65078][info ] Initialized Krisp SDK successfully
[2025-Apr-11 22:06:33.745 +05:30][65078:65078][info ] Krisp SDK initialized
[2025-Apr-11 22:06:34.988 +05:30][65078:65078][info ] Logging initialized
[2025-Apr-11 22:06:34.988 +05:30][65078:65078][info ] Initializing krisp SDK...
[2025-Apr-11 22:06:34.988 +05:30][65078:65078][info ] Krisp SDK initialized
[2025-Apr-11 22:21:25.618 +05:30][66222:66222][info ] Logging initialized
[2025-Apr-11 22:21:25.618 +05:30][66222:66222][info ] Initializing krisp SDK...
[2025-Apr-11 22:21:25.618 +05:30][66222:66222][info ] DoKrispInitialize
[2025-Apr-11 22:21:25.913 +05:30][66222:66222][info ] LoadDynamicKrisp
[2025-Apr-11 22:21:25.913 +05:30][66222:66222][info ] Did not find KRISP_DYLIB_PATH, skipping dynamic loading
[2025-Apr-11 22:21:25.913 +05:30][66222:66222][info ] Initializing Krisp SDK in PID 66222, addr 0x78eef85908f0
[2025-Apr-11 22:21:26.104 +05:30][66222:66222][info ] Initialized Krisp SDK successfully
[2025-Apr-11 22:21:26.104 +05:30][66222:66222][info ] Krisp SDK initialized
[2025-Apr-12 09:58:40.824 +05:30][71113:71113][info ] Logging initialized
[2025-Apr-12 09:58:40.824 +05:30][71113:71113][info ] Initializing krisp SDK...
[2025-Apr-12 09:58:40.824 +05:30][71113:71113][info ] DoKrispInitialize
[2025-Apr-12 09:58:41.122 +05:30][71113:71113][info ] LoadDynamicKrisp
[2025-Apr-12 09:58:41.122 +05:30][71113:71113][info ] Did not find KRISP_DYLIB_PATH, skipping dynamic loading
[2025-Apr-12 09:58:41.122 +05:30][71113:71113][info ] Initializing Krisp SDK in PID 71113, addr 0x70d5347908f0
[2025-Apr-12 09:58:41.314 +05:30][71113:71113][info ] Initialized Krisp SDK successfully
[2025-Apr-12 09:58:41.314 +05:30][71113:71113][info ] Krisp SDK initialized
[2025-Apr-12 11:35:39.792 +05:30][76403:76403][info ] Logging initialized
[2025-Apr-12 11:35:39.792 +05:30][76403:76403][info ] Initializing krisp SDK...
[2025-Apr-12 11:35:39.792 +05:30][76403:76403][info ] DoKrispInitialize
[2025-Apr-12 11:35:40.088 +05:30][76403:76403][info ] LoadDynamicKrisp
[2025-Apr-12 11:35:40.088 +05:30][76403:76403][info ] Did not find KRISP_DYLIB_PATH, skipping dynamic loading
[2025-Apr-12 11:35:40.088 +05:30][76403:76403][info ] Initializing Krisp SDK in PID 76403, addr 0x7c2ab6b908f0
[2025-Apr-12 11:35:40.282 +05:30][76403:76403][info ] Initialized Krisp SDK successfully
[2025-Apr-12 11:35:40.282 +05:30][76403:76403][info ] Krisp SDK initialized
[2025-Apr-12 11:36:15.129 +05:30][76679:76679][info ] Logging initialized
[2025-Apr-12 11:36:15.129 +05:30][76679:76679][info ] Initializing krisp SDK...
[2025-Apr-12 11:36:15.129 +05:30][76679:76679][info ] DoKrispInitialize
[2025-Apr-12 11:36:15.425 +05:30][76679:76679][info ] LoadDynamicKrisp
[2025-Apr-12 11:36:15.425 +05:30][76679:76679][info ] Did not find KRISP_DYLIB_PATH, skipping dynamic loading
[2025-Apr-12 11:36:15.425 +05:30][76679:76679][info ] Initializing Krisp SDK in PID 76679, addr 0x7fb00cb908f0
[2025-Apr-12 11:36:15.619 +05:30][76679:76679][info ] Initialized Krisp SDK successfully
[2025-Apr-12 11:36:15.619 +05:30][76679:76679][info ] Krisp SDK initialized
[2025-Apr-12 11:40:57.957 +05:30][77541:77541][info ] Logging initialized
[2025-Apr-12 11:40:57.957 +05:30][77541:77541][info ] Initializing krisp SDK...
[2025-Apr-12 11:40:57.957 +05:30][77541:77541][info ] DoKrispInitialize
[2025-Apr-12 11:40:58.250 +05:30][77541:77541][info ] LoadDynamicKrisp
[2025-Apr-12 11:40:58.250 +05:30][77541:77541][info ] Did not find KRISP_DYLIB_PATH, skipping dynamic loading
[2025-Apr-12 11:40:58.250 +05:30][77541:77541][info ] Initializing Krisp SDK in PID 77541, addr 0x7858d03908f0
[2025-Apr-12 11:40:58.440 +05:30][77541:77541][info ] Initialized Krisp SDK successfully
[2025-Apr-12 11:40:58.440 +05:30][77541:77541][info ] Krisp SDK initialized
[2025-Apr-12 14:04:05.874 +05:30][80075:80075][info ] Logging initialized
[2025-Apr-12 14:04:05.874 +05:30][80075:80075][info ] Initializing krisp SDK...
[2025-Apr-12 14:04:05.874 +05:30][80075:80075][info ] DoKrispInitialize
[2025-Apr-12 14:04:06.166 +05:30][80075:80075][info ] LoadDynamicKrisp
[2025-Apr-12 14:04:06.166 +05:30][80075:80075][info ] Did not find KRISP_DYLIB_PATH, skipping dynamic loading
[2025-Apr-12 14:04:06.166 +05:30][80075:80075][info ] Initializing Krisp SDK in PID 80075, addr 0x7c8ecad908f0
[2025-Apr-12 14:04:06.358 +05:30][80075:80075][info ] Initialized Krisp SDK successfully
[2025-Apr-12 14:04:06.358 +05:30][80075:80075][info ] Krisp SDK initialized
[2025-Apr-12 14:04:26.976 +05:30][80075:80108][info ] KrispNCSetup: sampleRate = 48000, duration = 10
[2025-Apr-12 14:04:26.976 +05:30][80075:80108][info ] Setting Krisp model: full_NC
[2025-Apr-12 14:04:26.986 +05:30][80075:80108][info ] KrispVADSetup: sampleRate = 48000, duration = 10
[2025-Apr-12 14:04:36.664 +05:30][80075:80098][info ] KrispVADReset
[2025-Apr-12 15:21:07.476 +05:30][85180:85180][info ] Logging initialized
[2025-Apr-12 15:21:07.476 +05:30][85180:85180][info ] Initializing krisp SDK...
[2025-Apr-12 15:21:07.476 +05:30][85180:85180][info ] DoKrispInitialize
[2025-Apr-12 15:21:07.774 +05:30][85180:85180][info ] LoadDynamicKrisp
[2025-Apr-12 15:21:07.774 +05:30][85180:85180][info ] Did not find KRISP_DYLIB_PATH, skipping dynamic loading
[2025-Apr-12 15:21:07.774 +05:30][85180:85180][info ] Initializing Krisp SDK in PID 85180, addr 0x7f655b9908f0
[2025-Apr-12 15:21:07.969 +05:30][85180:85180][info ] Initialized Krisp SDK successfully
[2025-Apr-12 15:21:07.969 +05:30][85180:85180][info ] Krisp SDK initialized
[2025-Apr-12 16:01:56.754 +05:30][87427:87427][info ] Logging initialized
[2025-Apr-12 16:01:56.754 +05:30][87427:87427][info ] Initializing krisp SDK...
[2025-Apr-12 16:01:56.754 +05:30][87427:87427][info ] DoKrispInitialize
[2025-Apr-12 16:01:57.061 +05:30][87427:87427][info ] LoadDynamicKrisp
[2025-Apr-12 16:01:57.061 +05:30][87427:87427][info ] Did not find KRISP_DYLIB_PATH, skipping dynamic loading
[2025-Apr-12 16:01:57.061 +05:30][87427:87427][info ] Initializing Krisp SDK in PID 87427, addr 0x7f47eef908f0
[2025-Apr-12 16:01:57.255 +05:30][87427:87427][info ] Initialized Krisp SDK successfully
[2025-Apr-12 16:01:57.255 +05:30][87427:87427][info ] Krisp SDK initialized
[2025-Apr-12 18:15:05.977 +05:30][94648:94648][info ] Logging initialized
[2025-Apr-12 18:15:05.977 +05:30][94648:94648][info ] Initializing krisp SDK...
[2025-Apr-12 18:15:05.977 +05:30][94648:94648][info ] DoKrispInitialize
[2025-Apr-12 18:15:06.276 +05:30][94648:94648][info ] LoadDynamicKrisp
[2025-Apr-12 18:15:06.276 +05:30][94648:94648][info ] Did not find KRISP_DYLIB_PATH, skipping dynamic loading
[2025-Apr-12 18:15:06.276 +05:30][94648:94648][info ] Initializing Krisp SDK in PID 94648, addr 0x7d455bd908f0
[2025-Apr-12 18:15:06.470 +05:30][94648:94648][info ] Initialized Krisp SDK successfully
[2025-Apr-12 18:15:06.470 +05:30][94648:94648][info ] Krisp SDK initialized
[2025-Apr-12 18:46:14.221 +05:30][98325:98325][info ] Logging initialized
[2025-Apr-12 18:46:14.221 +05:30][98325:98325][info ] Initializing krisp SDK...
[2025-Apr-12 18:46:14.221 +05:30][98325:98325][info ] DoKrispInitialize
[2025-Apr-12 18:46:14.514 +05:30][98325:98325][info ] LoadDynamicKrisp
[2025-Apr-12 18:46:14.514 +05:30][98325:98325][info ] Did not find KRISP_DYLIB_PATH, skipping dynamic loading
[2025-Apr-12 18:46:14.514 +05:30][98325:98325][info ] Initializing Krisp SDK in PID 98325, addr 0x7491187908f0
[2025-Apr-12 18:46:14.703 +05:30][98325:98325][info ] Initialized Krisp SDK successfully
[2025-Apr-12 18:46:14.703 +05:30][98325:98325][info ] Krisp SDK initialized
[2025-Apr-12 18:46:25.383 +05:30][98325:98356][info ] KrispNCSetup: sampleRate = 48000, duration = 10
[2025-Apr-12 18:46:25.383 +05:30][98325:98356][info ] Setting Krisp model: full_NC
[2025-Apr-12 18:46:25.390 +05:30][98325:98356][info ] KrispVADSetup: sampleRate = 48000, duration = 10
[2025-Apr-12 18:46:54.223 +05:30][98325:98348][info ] KrispVADReset
[2025-Apr-12 19:11:10.817 +05:30][100935:100935][info ] Logging initialized
[2025-Apr-12 19:11:10.817 +05:30][100935:100935][info ] Initializing krisp SDK...
[2025-Apr-12 19:11:10.817 +05:30][100935:100935][info ] DoKrispInitialize
[2025-Apr-12 19:11:11.111 +05:30][100935:100935][info ] LoadDynamicKrisp
[2025-Apr-12 19:11:11.111 +05:30][100935:100935][info ] Did not find KRISP_DYLIB_PATH, skipping dynamic loading
[2025-Apr-12 19:11:11.111 +05:30][100935:100935][info ] Initializing Krisp SDK in PID 100935, addr 0x736ecbf908f0
[2025-Apr-12 19:11:11.302 +05:30][100935:100935][info ] Initialized Krisp SDK successfully
[2025-Apr-12 19:11:11.302 +05:30][100935:100935][info ] Krisp SDK initialized
[2025-Apr-12 22:39:14.729 +05:30][106568:106568][info ] Logging initialized
[2025-Apr-12 22:39:14.729 +05:30][106568:106568][info ] Initializing krisp SDK...
[2025-Apr-12 22:39:14.729 +05:30][106568:106568][info ] DoKrispInitialize
[2025-Apr-12 22:39:15.023 +05:30][106568:106568][info ] LoadDynamicKrisp
[2025-Apr-12 22:39:15.023 +05:30][106568:106568][info ] Did not find KRISP_DYLIB_PATH, skipping dynamic loading
[2025-Apr-12 22:39:15.023 +05:30][106568:106568][info ] Initializing Krisp SDK in PID 106568, addr 0x7ab4997908f0
[2025-Apr-12 22:39:15.215 +05:30][106568:106568][info ] Initialized Krisp SDK successfully
[2025-Apr-12 22:39:15.215 +05:30][106568:106568][info ] Krisp SDK initialized
[2025-Apr-12 22:39:30.558 +05:30][106568:106603][info ] KrispNCSetup: sampleRate = 48000, duration = 10
[2025-Apr-12 22:39:30.558 +05:30][106568:106603][info ] Setting Krisp model: full_NC
[2025-Apr-12 22:39:30.567 +05:30][106568:106603][info ] KrispVADSetup: sampleRate = 48000, duration = 10
[2025-Apr-13 09:27:52.415 +05:30][108287:108287][info ] Logging initialized
[2025-Apr-13 09:27:52.415 +05:30][108287:108287][info ] Initializing krisp SDK...
[2025-Apr-13 09:27:52.415 +05:30][108287:108287][info ] DoKrispInitialize
[2025-Apr-13 09:27:52.707 +05:30][108287:108287][info ] LoadDynamicKrisp
[2025-Apr-13 09:27:52.707 +05:30][108287:108287][info ] Did not find KRISP_DYLIB_PATH, skipping dynamic loading
[2025-Apr-13 09:27:52.707 +05:30][108287:108287][info ] Initializing Krisp SDK in PID 108287, addr 0x7e97579908f0
[2025-Apr-13 09:27:52.899 +05:30][108287:108287][info ] Initialized Krisp SDK successfully
[2025-Apr-13 09:27:52.899 +05:30][108287:108287][info ] Krisp SDK initialized
[2025-Apr-13 10:16:10.275 +05:30][112415:112415][info ] Logging initialized
[2025-Apr-13 10:16:10.275 +05:30][112415:112415][info ] Initializing krisp SDK...
[2025-Apr-13 10:16:10.275 +05:30][112415:112415][info ] DoKrispInitialize
[2025-Apr-13 10:16:10.568 +05:30][112415:112415][info ] LoadDynamicKrisp
[2025-Apr-13 10:16:10.568 +05:30][112415:112415][info ] Did not find KRISP_DYLIB_PATH, skipping dynamic loading
[2025-Apr-13 10:16:10.568 +05:30][112415:112415][info ] Initializing Krisp SDK in PID 112415, addr 0x7ff0f89908f0
[2025-Apr-13 10:16:10.759 +05:30][112415:112415][info ] Initialized Krisp SDK successfully
[2025-Apr-13 10:16:10.759 +05:30][112415:112415][info ] Krisp SDK initialized
[2025-Apr-13 11:01:10.292 +05:30][115557:115557][info ] Logging initialized
[2025-Apr-13 11:01:10.292 +05:30][115557:115557][info ] Initializing krisp SDK...
[2025-Apr-13 11:01:10.292 +05:30][115557:115557][info ] DoKrispInitialize
[2025-Apr-13 11:01:10.582 +05:30][115557:115557][info ] LoadDynamicKrisp
[2025-Apr-13 11:01:10.582 +05:30][115557:115557][info ] Did not find KRISP_DYLIB_PATH, skipping dynamic loading
[2025-Apr-13 11:01:10.582 +05:30][115557:115557][info ] Initializing Krisp SDK in PID 115557, addr 0x7487703908f0
[2025-Apr-13 11:01:10.774 +05:30][115557:115557][info ] Initialized Krisp SDK successfully
[2025-Apr-13 11:01:10.774 +05:30][115557:115557][info ] Krisp SDK initialized
[2025-Apr-13 11:09:02.559 +05:30][118934:118934][info ] Logging initialized
[2025-Apr-13 11:09:02.559 +05:30][118934:118934][info ] Initializing krisp SDK...
[2025-Apr-13 11:09:02.559 +05:30][118934:118934][info ] DoKrispInitialize
[2025-Apr-13 11:09:02.853 +05:30][118934:118934][info ] LoadDynamicKrisp
[2025-Apr-13 11:09:02.853 +05:30][118934:118934][info ] Did not find KRISP_DYLIB_PATH, skipping dynamic loading
[2025-Apr-13 11:09:02.853 +05:30][118934:118934][info ] Initializing Krisp SDK in PID 118934, addr 0x70c7bfb908f0
[2025-Apr-13 11:09:03.045 +05:30][118934:118934][info ] Initialized Krisp SDK successfully
[2025-Apr-13 11:09:03.045 +05:30][118934:118934][info ] Krisp SDK initialized
[2025-Apr-13 11:28:42.765 +05:30][120089:120089][info ] Logging initialized
[2025-Apr-13 11:28:42.765 +05:30][120089:120089][info ] Initializing krisp SDK...
[2025-Apr-13 11:28:42.765 +05:30][120089:120089][info ] DoKrispInitialize
[2025-Apr-13 11:28:43.166 +05:30][120089:120089][info ] LoadDynamicKrisp
[2025-Apr-13 11:28:43.166 +05:30][120089:120089][info ] Did not find KRISP_DYLIB_PATH, skipping dynamic loading
[2025-Apr-13 11:28:43.166 +05:30][120089:120089][info ] Initializing Krisp SDK in PID 120089, addr 0x7ef6b21908f0
[2025-Apr-13 11:28:43.430 +05:30][120089:120089][info ] Initialized Krisp SDK successfully
[2025-Apr-13 11:28:43.430 +05:30][120089:120089][info ] Krisp SDK initialized
[2025-Apr-13 11:40:38.398 +05:30][120511:120511][info ] Logging initialized
[2025-Apr-13 11:40:38.398 +05:30][120511:120511][info ] Initializing krisp SDK...
[2025-Apr-13 11:40:38.398 +05:30][120511:120511][info ] DoKrispInitialize
[2025-Apr-13 11:40:38.800 +05:30][120511:120511][info ] LoadDynamicKrisp
[2025-Apr-13 11:40:38.800 +05:30][120511:120511][info ] Did not find KRISP_DYLIB_PATH, skipping dynamic loading
[2025-Apr-13 11:40:38.800 +05:30][120511:120511][info ] Initializing Krisp SDK in PID 120511, addr 0x7a4f3c5908f0
[2025-Apr-13 11:40:39.062 +05:30][120511:120511][info ] Initialized Krisp SDK successfully
[2025-Apr-13 11:40:39.062 +05:30][120511:120511][info ] Krisp SDK initialized
[2025-Apr-13 12:41:54.335 +05:30][124890:124890][info ] Logging initialized
[2025-Apr-13 12:41:54.335 +05:30][124890:124890][info ] Initializing krisp SDK...
[2025-Apr-13 12:41:54.335 +05:30][124890:124890][info ] DoKrispInitialize
[2025-Apr-13 12:41:54.736 +05:30][124890:124890][info ] LoadDynamicKrisp
[2025-Apr-13 12:41:54.736 +05:30][124890:124890][info ] Did not find KRISP_DYLIB_PATH, skipping dynamic loading
[2025-Apr-13 12:41:54.736 +05:30][124890:124890][info ] Initializing Krisp SDK in PID 124890, addr 0x799911b908f0
[2025-Apr-13 12:41:54.998 +05:30][124890:124890][info ] Initialized Krisp SDK successfully
[2025-Apr-13 12:41:54.998 +05:30][124890:124890][info ] Krisp SDK initialized
[2025-Apr-13 14:00:39.618 +05:30][129829:129829][info ] Logging initialized
[2025-Apr-13 14:00:39.618 +05:30][129829:129829][info ] Initializing krisp SDK...
[2025-Apr-13 14:00:39.618 +05:30][129829:129829][info ] DoKrispInitialize
[2025-Apr-13 14:00:39.911 +05:30][129829:129829][info ] LoadDynamicKrisp
[2025-Apr-13 14:00:39.911 +05:30][129829:129829][info ] Did not find KRISP_DYLIB_PATH, skipping dynamic loading
[2025-Apr-13 14:00:39.911 +05:30][129829:129829][info ] Initializing Krisp SDK in PID 129829, addr 0x7fb1885908f0
[2025-Apr-13 14:00:40.106 +05:30][129829:129829][info ] Initialized Krisp SDK successfully
[2025-Apr-13 14:00:40.106 +05:30][129829:129829][info ] Krisp SDK initialized
[2025-Apr-13 14:19:51.921 +05:30][132032:132032][info ] Logging initialized
[2025-Apr-13 14:19:51.921 +05:30][132032:132032][info ] Initializing krisp SDK...
[2025-Apr-13 14:19:51.921 +05:30][132032:132032][info ] DoKrispInitialize
[2025-Apr-13 14:19:52.213 +05:30][132032:132032][info ] LoadDynamicKrisp
[2025-Apr-13 14:19:52.213 +05:30][132032:132032][info ] Did not find KRISP_DYLIB_PATH, skipping dynamic loading
[2025-Apr-13 14:19:52.213 +05:30][132032:132032][info ] Initializing Krisp SDK in PID 132032, addr 0x7e3a275908f0
[2025-Apr-13 14:19:52.405 +05:30][132032:132032][info ] Initialized Krisp SDK successfully
[2025-Apr-13 14:19:52.405 +05:30][132032:132032][info ] Krisp SDK initialized
[2025-Apr-13 15:01:44.629 +05:30][134433:134433][info ] Logging initialized
[2025-Apr-13 15:01:44.629 +05:30][134433:134433][info ] Initializing krisp SDK...
[2025-Apr-13 15:01:44.629 +05:30][134433:134433][info ] DoKrispInitialize
[2025-Apr-13 15:01:44.923 +05:30][134433:134433][info ] LoadDynamicKrisp
[2025-Apr-13 15:01:44.923 +05:30][134433:134433][info ] Did not find KRISP_DYLIB_PATH, skipping dynamic loading
[2025-Apr-13 15:01:44.923 +05:30][134433:134433][info ] Initializing Krisp SDK in PID 134433, addr 0x75270ab908f0
[2025-Apr-13 15:01:45.115 +05:30][134433:134433][info ] Initialized Krisp SDK successfully
[2025-Apr-13 15:01:45.115 +05:30][134433:134433][info ] Krisp SDK initialized
[2025-Apr-13 15:02:25.906 +05:30][134715:134715][info ] Logging initialized
[2025-Apr-13 15:02:25.906 +05:30][134715:134715][info ] Initializing krisp SDK...
[2025-Apr-13 15:02:25.906 +05:30][134715:134715][info ] DoKrispInitialize
[2025-Apr-13 15:02:26.200 +05:30][134715:134715][info ] LoadDynamicKrisp
[2025-Apr-13 15:02:26.200 +05:30][134715:134715][info ] Did not find KRISP_DYLIB_PATH, skipping dynamic loading
[2025-Apr-13 15:02:26.200 +05:30][134715:134715][info ] Initializing Krisp SDK in PID 134715, addr 0x77a2d77908f0
[2025-Apr-13 15:02:26.392 +05:30][134715:134715][info ] Initialized Krisp SDK successfully
[2025-Apr-13 15:02:26.392 +05:30][134715:134715][info ] Krisp SDK initialized
[2025-Apr-13 15:20:36.759 +05:30][137856:137856][info ] Logging initialized
[2025-Apr-13 15:20:36.759 +05:30][137856:137856][info ] Initializing krisp SDK...
[2025-Apr-13 15:20:36.759 +05:30][137856:137856][info ] DoKrispInitialize
[2025-Apr-13 15:20:37.056 +05:30][137856:137856][info ] LoadDynamicKrisp
[2025-Apr-13 15:20:37.056 +05:30][137856:137856][info ] Did not find KRISP_DYLIB_PATH, skipping dynamic loading
[2025-Apr-13 15:20:37.056 +05:30][137856:137856][info ] Initializing Krisp SDK in PID 137856, addr 0x77ed9c5908f0
[2025-Apr-13 15:20:37.247 +05:30][137856:137856][info ] Initialized Krisp SDK successfully
[2025-Apr-13 15:20:37.247 +05:30][137856:137856][info ] Krisp SDK initialized
[2025-Apr-13 15:20:45.507 +05:30][137856:137888][info ] KrispNCSetup: sampleRate = 48000, duration = 10
[2025-Apr-13 15:20:45.507 +05:30][137856:137888][info ] Setting Krisp model: full_NC
[2025-Apr-13 15:20:45.520 +05:30][137856:137888][info ] KrispVADSetup: sampleRate = 48000, duration = 10
[2025-Apr-13 15:20:52.998 +05:30][137856:137880][info ] KrispVADReset
[2025-Apr-13 15:21:02.229 +05:30][137856:137888][info ] KrispVADSetup: sampleRate = 48000, duration = 10
[2025-Apr-13 15:25:14.846 +05:30][138256:138256][info ] Logging initialized
[2025-Apr-13 15:25:14.846 +05:30][138256:138256][info ] Initializing krisp SDK...
[2025-Apr-13 15:25:14.846 +05:30][138256:138256][info ] DoKrispInitialize
[2025-Apr-13 15:25:15.138 +05:30][138256:138256][info ] LoadDynamicKrisp
[2025-Apr-13 15:25:15.138 +05:30][138256:138256][info ] Did not find KRISP_DYLIB_PATH, skipping dynamic loading
[2025-Apr-13 15:25:15.138 +05:30][138256:138256][info ] Initializing Krisp SDK in PID 138256, addr 0x7068fd3908f0
[2025-Apr-13 15:25:15.330 +05:30][138256:138256][info ] Initialized Krisp SDK successfully
[2025-Apr-13 15:25:15.330 +05:30][138256:138256][info ] Krisp SDK initialized
[2025-Apr-13 17:51:34.775 +05:30][151534:151534][info ] Logging initialized
[2025-Apr-13 17:51:34.775 +05:30][151534:151534][info ] Initializing krisp SDK...
[2025-Apr-13 17:51:34.775 +05:30][151534:151534][info ] DoKrispInitialize
[2025-Apr-13 17:51:35.072 +05:30][151534:151534][info ] LoadDynamicKrisp
[2025-Apr-13 17:51:35.072 +05:30][151534:151534][info ] Did not find KRISP_DYLIB_PATH, skipping dynamic loading
[2025-Apr-13 17:51:35.072 +05:30][151534:151534][info ] Initializing Krisp SDK in PID 151534, addr 0x71c4ac9908f0
[2025-Apr-13 17:51:35.265 +05:30][151534:151534][info ] Initialized Krisp SDK successfully
[2025-Apr-13 17:51:35.265 +05:30][151534:151534][info ] Krisp SDK initialized
[2025-Apr-13 18:23:47.727 +05:30][152564:152564][info ] Logging initialized
[2025-Apr-13 18:23:47.727 +05:30][152564:152564][info ] Initializing krisp SDK...
[2025-Apr-13 18:23:47.727 +05:30][152564:152564][info ] DoKrispInitialize
[2025-Apr-13 18:23:48.021 +05:30][152564:152564][info ] LoadDynamicKrisp
[2025-Apr-13 18:23:48.021 +05:30][152564:152564][info ] Did not find KRISP_DYLIB_PATH, skipping dynamic loading
[2025-Apr-13 18:23:48.021 +05:30][152564:152564][info ] Initializing Krisp SDK in PID 152564, addr 0x724781f908f0
[2025-Apr-13 18:23:48.213 +05:30][152564:152564][info ] Initialized Krisp SDK successfully
[2025-Apr-13 18:23:48.213 +05:30][152564:152564][info ] Krisp SDK initialized
[2025-Apr-13 18:43:00.105 +05:30][154472:154472][info ] Logging initialized
[2025-Apr-13 18:43:00.105 +05:30][154472:154472][info ] Initializing krisp SDK...
[2025-Apr-13 18:43:00.105 +05:30][154472:154472][info ] DoKrispInitialize
[2025-Apr-13 18:43:00.401 +05:30][154472:154472][info ] LoadDynamicKrisp
[2025-Apr-13 18:43:00.401 +05:30][154472:154472][info ] Did not find KRISP_DYLIB_PATH, skipping dynamic loading
[2025-Apr-13 18:43:00.401 +05:30][154472:154472][info ] Initializing Krisp SDK in PID 154472, addr 0x7a295af908f0
[2025-Apr-13 18:43:00.596 +05:30][154472:154472][info ] Initialized Krisp SDK successfully
[2025-Apr-13 18:43:00.596 +05:30][154472:154472][info ] Krisp SDK initialized
[2025-Apr-13 18:45:53.202 +05:30][154802:154802][info ] Logging initialized
[2025-Apr-13 18:45:53.202 +05:30][154802:154802][info ] Initializing krisp SDK...
[2025-Apr-13 18:45:53.202 +05:30][154802:154802][info ] DoKrispInitialize
[2025-Apr-13 18:45:53.495 +05:30][154802:154802][info ] LoadDynamicKrisp
[2025-Apr-13 18:45:53.495 +05:30][154802:154802][info ] Did not find KRISP_DYLIB_PATH, skipping dynamic loading
[2025-Apr-13 18:45:53.495 +05:30][154802:154802][info ] Initializing Krisp SDK in PID 154802, addr 0x711fa3f908f0
[2025-Apr-13 18:45:53.688 +05:30][154802:154802][info ] Initialized Krisp SDK successfully
[2025-Apr-13 18:45:53.688 +05:30][154802:154802][info ] Krisp SDK initialized
[2025-Apr-13 20:13:31.485 +05:30][156161:156161][info ] Logging initialized
[2025-Apr-13 20:13:31.485 +05:30][156161:156161][info ] Initializing krisp SDK...
[2025-Apr-13 20:13:31.485 +05:30][156161:156161][info ] DoKrispInitialize
[2025-Apr-13 20:13:31.782 +05:30][156161:156161][info ] LoadDynamicKrisp
[2025-Apr-13 20:13:31.782 +05:30][156161:156161][info ] Did not find KRISP_DYLIB_PATH, skipping dynamic loading
[2025-Apr-13 20:13:31.782 +05:30][156161:156161][info ] Initializing Krisp SDK in PID 156161, addr 0x79aea97908f0
[2025-Apr-13 20:13:31.976 +05:30][156161:156161][info ] Initialized Krisp SDK successfully
[2025-Apr-13 20:13:31.976 +05:30][156161:156161][info ] Krisp SDK initialized
[2025-Apr-13 21:07:50.194 +05:30][157888:157888][info ] Logging initialized
[2025-Apr-13 21:07:50.194 +05:30][157888:157888][info ] Initializing krisp SDK...
[2025-Apr-13 21:07:50.194 +05:30][157888:157888][info ] DoKrispInitialize
[2025-Apr-13 21:07:50.488 +05:30][157888:157888][info ] LoadDynamicKrisp
[2025-Apr-13 21:07:50.488 +05:30][157888:157888][info ] Did not find KRISP_DYLIB_PATH, skipping dynamic loading
[2025-Apr-13 21:07:50.488 +05:30][157888:157888][info ] Initializing Krisp SDK in PID 157888, addr 0x7d41907908f0
[2025-Apr-13 21:07:50.681 +05:30][157888:157888][info ] Initialized Krisp SDK successfully
[2025-Apr-13 21:07:50.681 +05:30][157888:157888][info ] Krisp SDK initialized
[2025-Apr-14 09:33:02.750 +05:30][167432:167432][info ] Logging initialized
[2025-Apr-14 09:33:02.751 +05:30][167432:167432][info ] Initializing krisp SDK...
[2025-Apr-14 09:33:02.751 +05:30][167432:167432][info ] DoKrispInitialize
[2025-Apr-14 09:33:03.048 +05:30][167432:167432][info ] LoadDynamicKrisp
[2025-Apr-14 09:33:03.048 +05:30][167432:167432][info ] Did not find KRISP_DYLIB_PATH, skipping dynamic loading
[2025-Apr-14 09:33:03.048 +05:30][167432:167432][info ] Initializing Krisp SDK in PID 167432, addr 0x7b2b609908f0
[2025-Apr-14 09:33:03.245 +05:30][167432:167432][info ] Initialized Krisp SDK successfully
[2025-Apr-14 09:33:03.245 +05:30][167432:167432][info ] Krisp SDK initialized
[2025-Apr-14 10:46:24.996 +05:30][173152:173152][info ] Logging initialized
[2025-Apr-14 10:46:24.996 +05:30][173152:173152][info ] Initializing krisp SDK...
[2025-Apr-14 10:46:24.996 +05:30][173152:173152][info ] DoKrispInitialize
[2025-Apr-14 10:46:25.395 +05:30][173152:173152][info ] LoadDynamicKrisp
[2025-Apr-14 10:46:25.395 +05:30][173152:173152][info ] Did not find KRISP_DYLIB_PATH, skipping dynamic loading
[2025-Apr-14 10:46:25.395 +05:30][173152:173152][info ] Initializing Krisp SDK in PID 173152, addr 0x78937ed908f0
[2025-Apr-14 10:46:25.658 +05:30][173152:173152][info ] Initialized Krisp SDK successfully
[2025-Apr-14 10:46:25.658 +05:30][173152:173152][info ] Krisp SDK initialized
