4/11/2025, 7:44:26 PM GMT+5:30 0: 

----------------------------------------------
4/11/2025, 7:44:26 PM GMT+5:30 1: Discord starting: {"releaseChannel":"stable","version":"0.0.90"}, modulepath: /home/SamDaaEpic/.config/discord/0.0.90/modules
4/11/2025, 7:44:26 PM GMT+5:30 2: ✅ webContents.created web1 "index.html"
4/11/2025, 7:44:26 PM GMT+5:30 3: ✅ window.created win1 "discord"
4/11/2025, 7:44:26 PM GMT+5:30 4: ✅ webContents.did-finish-load web1
4/11/2025, 7:44:40 PM GMT+5:30 5: ✅ webContents.created web2 ""
4/11/2025, 7:44:40 PM GMT+5:30 6: ✅ window.created win2 "Discord"
4/11/2025, 7:44:42 PM GMT+5:30 7: ✅ webContents.did-finish-load web2
4/11/2025, 7:44:42 PM GMT+5:30 8: window.close win1
4/11/2025, 7:44:42 PM GMT+5:30 9: webContents.destroyed web1
4/11/2025, 7:44:42 PM GMT+5:30 10: window.closed win1
4/11/2025, 8:03:01 PM GMT+5:30 11: before-quit
4/11/2025, 8:03:01 PM GMT+5:30 12: window.close win2
4/11/2025, 8:03:01 PM GMT+5:30 13: webContents.destroyed web2
4/11/2025, 10:06:30 PM GMT+5:30 0: 

----------------------------------------------
4/11/2025, 10:06:30 PM GMT+5:30 1: Discord starting: {"releaseChannel":"stable","version":"0.0.90"}, modulepath: /home/SamDaaEpic/.config/discord/0.0.90/modules
4/11/2025, 10:06:30 PM GMT+5:30 2: ✅ webContents.created web1 ""
4/11/2025, 10:06:30 PM GMT+5:30 3: ✅ window.created win1 "discord"
4/11/2025, 10:06:30 PM GMT+5:30 4: ✅ webContents.did-finish-load web1
4/11/2025, 10:06:32 PM GMT+5:30 5: ✅ webContents.created web2 ""
4/11/2025, 10:06:32 PM GMT+5:30 6: ✅ window.created win2 "Discord"
4/11/2025, 10:06:34 PM GMT+5:30 7: ✅ webContents.did-finish-load web2
4/11/2025, 10:06:34 PM GMT+5:30 8: window.close win1
4/11/2025, 10:06:34 PM GMT+5:30 9: webContents.destroyed web1
4/11/2025, 10:06:34 PM GMT+5:30 10: window.closed win1
4/11/2025, 10:06:35 PM GMT+5:30 11: ✅ webContents.did-finish-load web2
4/11/2025, 10:18:00 PM GMT+5:30 12: before-quit
4/11/2025, 10:18:00 PM GMT+5:30 13: window.close win2
4/11/2025, 10:18:00 PM GMT+5:30 14: webContents.destroyed web2
4/11/2025, 10:21:23 PM GMT+5:30 0: 

----------------------------------------------
4/11/2025, 10:21:23 PM GMT+5:30 1: Discord starting: {"releaseChannel":"stable","version":"0.0.90"}, modulepath: /home/SamDaaEpic/.config/discord/0.0.90/modules
4/11/2025, 10:21:23 PM GMT+5:30 2: ✅ webContents.created web1 "index.html"
4/11/2025, 10:21:23 PM GMT+5:30 3: ✅ window.created win1 "discord"
4/11/2025, 10:21:23 PM GMT+5:30 4: ✅ webContents.did-finish-load web1
4/11/2025, 10:21:24 PM GMT+5:30 5: ✅ webContents.created web2 ""
4/11/2025, 10:21:24 PM GMT+5:30 6: ✅ window.created win2 "Discord"
4/11/2025, 10:21:26 PM GMT+5:30 7: ✅ webContents.did-finish-load web2
4/11/2025, 10:21:26 PM GMT+5:30 8: window.close win1
4/11/2025, 10:21:26 PM GMT+5:30 9: webContents.destroyed web1
4/11/2025, 10:21:26 PM GMT+5:30 10: window.closed win1
4/11/2025, 11:14:02 PM GMT+5:30 11: before-quit
4/11/2025, 11:14:02 PM GMT+5:30 12: window.close win2
4/11/2025, 11:14:02 PM GMT+5:30 13: webContents.destroyed web2
4/12/2025, 9:10:25 AM GMT+5:30 0: 

----------------------------------------------
4/12/2025, 9:10:25 AM GMT+5:30 1: Discord starting: {"releaseChannel":"stable","version":"0.0.90"}, modulepath: /home/SamDaaEpic/.config/discord/0.0.90/modules
4/12/2025, 9:10:25 AM GMT+5:30 2: ✅ webContents.created web1 "index.html"
4/12/2025, 9:10:25 AM GMT+5:30 3: ✅ window.created win1 "discord"
4/12/2025, 9:10:25 AM GMT+5:30 4: ✅ webContents.did-finish-load web1
4/12/2025, 9:10:27 AM GMT+5:30 5: before-quit
4/12/2025, 9:10:27 AM GMT+5:30 6: window.close win1
4/12/2025, 9:10:28 AM GMT+5:30 0: 

----------------------------------------------
4/12/2025, 9:10:28 AM GMT+5:30 1: Discord starting: {"releaseChannel":"stable","version":"0.0.90"}, modulepath: /home/SamDaaEpic/.config/discord/0.0.90/modules
4/12/2025, 9:10:28 AM GMT+5:30 2: ✅ webContents.created web1 "index.html"
4/12/2025, 9:10:28 AM GMT+5:30 3: ✅ window.created win1 "discord"
4/12/2025, 9:10:28 AM GMT+5:30 4: ✅ webContents.did-finish-load web1
4/12/2025, 9:10:29 AM GMT+5:30 5: ✅ webContents.created web2 ""
4/12/2025, 9:10:29 AM GMT+5:30 6: ✅ window.created win2 "Discord"
4/12/2025, 9:10:31 AM GMT+5:30 7: ✅ webContents.did-finish-load web2
4/12/2025, 9:10:31 AM GMT+5:30 8: window.close win1
4/12/2025, 9:10:31 AM GMT+5:30 9: webContents.destroyed web1
4/12/2025, 9:10:31 AM GMT+5:30 10: window.closed win1
4/12/2025, 9:10:36 AM GMT+5:30 11: before-quit
4/12/2025, 9:10:36 AM GMT+5:30 12: window.close win2
4/12/2025, 9:10:36 AM GMT+5:30 13: webContents.destroyed web2
4/12/2025, 9:10:36 AM GMT+5:30 14: window.closed win2
4/12/2025, 9:58:39 AM GMT+5:30 0: 

----------------------------------------------
4/12/2025, 9:58:39 AM GMT+5:30 1: Discord starting: {"releaseChannel":"stable","version":"0.0.90"}, modulepath: /home/SamDaaEpic/.config/discord/0.0.90/modules
4/12/2025, 9:58:39 AM GMT+5:30 2: ✅ webContents.created web1 "index.html"
4/12/2025, 9:58:39 AM GMT+5:30 3: ✅ window.created win1 "discord"
4/12/2025, 9:58:39 AM GMT+5:30 4: ✅ webContents.did-finish-load web1
4/12/2025, 9:58:39 AM GMT+5:30 5: ✅ webContents.created web2 ""
4/12/2025, 9:58:39 AM GMT+5:30 6: ✅ window.created win2 "Discord"
4/12/2025, 9:58:41 AM GMT+5:30 7: ✅ webContents.did-finish-load web2
4/12/2025, 9:58:41 AM GMT+5:30 8: window.close win1
4/12/2025, 9:58:41 AM GMT+5:30 9: webContents.destroyed web1
4/12/2025, 9:58:41 AM GMT+5:30 10: window.closed win1
4/12/2025, 10:10:32 AM GMT+5:30 11: before-quit
4/12/2025, 10:10:32 AM GMT+5:30 12: window.close win2
4/12/2025, 10:10:32 AM GMT+5:30 13: webContents.destroyed web2
4/12/2025, 11:01:53 AM GMT+5:30 0: 

----------------------------------------------
4/12/2025, 11:01:53 AM GMT+5:30 1: Discord starting: {"releaseChannel":"stable","version":"0.0.90"}, modulepath: /home/SamDaaEpic/.config/discord/0.0.90/modules
4/12/2025, 11:01:53 AM GMT+5:30 2: ✅ webContents.created web1 "index.html"
4/12/2025, 11:01:53 AM GMT+5:30 3: ✅ window.created win1 "discord"
4/12/2025, 11:01:53 AM GMT+5:30 4: ✅ webContents.did-finish-load web1
4/12/2025, 11:01:54 AM GMT+5:30 5: ✅ webContents.created web2 ""
4/12/2025, 11:01:54 AM GMT+5:30 6: ✅ window.created win2 "Discord"
4/12/2025, 11:01:56 AM GMT+5:30 7: ✅ webContents.did-finish-load web2
4/12/2025, 11:01:56 AM GMT+5:30 8: window.close win1
4/12/2025, 11:01:56 AM GMT+5:30 9: webContents.destroyed web1
4/12/2025, 11:01:56 AM GMT+5:30 10: window.closed win1
4/12/2025, 11:02:00 AM GMT+5:30 11: before-quit
4/12/2025, 11:02:00 AM GMT+5:30 12: window.close win2
4/12/2025, 11:02:00 AM GMT+5:30 13: webContents.destroyed web2
4/12/2025, 11:02:00 AM GMT+5:30 14: window.closed win2
4/12/2025, 11:35:38 AM GMT+5:30 0: 

----------------------------------------------
4/12/2025, 11:35:38 AM GMT+5:30 1: Discord starting: {"releaseChannel":"stable","version":"0.0.90"}, modulepath: /home/SamDaaEpic/.config/discord/0.0.90/modules
4/12/2025, 11:35:38 AM GMT+5:30 2: ✅ webContents.created web1 "index.html"
4/12/2025, 11:35:38 AM GMT+5:30 3: ✅ window.created win1 "discord"
4/12/2025, 11:35:38 AM GMT+5:30 4: ✅ webContents.did-finish-load web1
4/12/2025, 11:35:38 AM GMT+5:30 5: ✅ webContents.created web2 ""
4/12/2025, 11:35:38 AM GMT+5:30 6: ✅ window.created win2 "Discord"
4/12/2025, 11:35:40 AM GMT+5:30 7: ✅ webContents.did-finish-load web2
4/12/2025, 11:35:40 AM GMT+5:30 8: window.close win1
4/12/2025, 11:35:40 AM GMT+5:30 9: webContents.destroyed web1
4/12/2025, 11:35:40 AM GMT+5:30 10: window.closed win1
4/12/2025, 11:36:12 AM GMT+5:30 11: before-quit
4/12/2025, 11:36:12 AM GMT+5:30 12: window.close win2
4/12/2025, 11:36:12 AM GMT+5:30 13: webContents.destroyed web2
4/12/2025, 11:36:13 AM GMT+5:30 0: 

----------------------------------------------
4/12/2025, 11:36:13 AM GMT+5:30 1: Discord starting: {"releaseChannel":"stable","version":"0.0.90"}, modulepath: /home/SamDaaEpic/.config/discord/0.0.90/modules
4/12/2025, 11:36:13 AM GMT+5:30 2: ✅ webContents.created web1 "index.html"
4/12/2025, 11:36:13 AM GMT+5:30 3: ✅ window.created win1 "discord"
4/12/2025, 11:36:13 AM GMT+5:30 4: ✅ webContents.did-finish-load web1
4/12/2025, 11:36:14 AM GMT+5:30 5: ✅ webContents.created web2 ""
4/12/2025, 11:36:14 AM GMT+5:30 6: ✅ window.created win2 "Discord"
4/12/2025, 11:36:16 AM GMT+5:30 7: ✅ webContents.did-finish-load web2
4/12/2025, 11:36:16 AM GMT+5:30 8: window.close win1
4/12/2025, 11:36:16 AM GMT+5:30 9: webContents.destroyed web1
4/12/2025, 11:36:16 AM GMT+5:30 10: window.closed win1
4/12/2025, 11:36:54 AM GMT+5:30 11: before-quit
4/12/2025, 11:36:54 AM GMT+5:30 12: window.close win2
4/12/2025, 11:36:54 AM GMT+5:30 13: webContents.destroyed web2
4/12/2025, 11:36:54 AM GMT+5:30 14: window.closed win2
4/12/2025, 11:40:56 AM GMT+5:30 0: 

----------------------------------------------
4/12/2025, 11:40:56 AM GMT+5:30 1: Discord starting: {"releaseChannel":"stable","version":"0.0.90"}, modulepath: /home/SamDaaEpic/.config/discord/0.0.90/modules
4/12/2025, 11:40:56 AM GMT+5:30 2: ✅ webContents.created web1 "index.html"
4/12/2025, 11:40:56 AM GMT+5:30 3: ✅ window.created win1 "discord"
4/12/2025, 11:40:56 AM GMT+5:30 4: ✅ webContents.did-finish-load web1
4/12/2025, 11:40:56 AM GMT+5:30 5: ✅ webContents.created web2 ""
4/12/2025, 11:40:56 AM GMT+5:30 6: ✅ window.created win2 "Discord"
4/12/2025, 11:40:58 AM GMT+5:30 7: ✅ webContents.did-finish-load web2
4/12/2025, 11:40:58 AM GMT+5:30 8: window.close win1
4/12/2025, 11:40:58 AM GMT+5:30 9: webContents.destroyed web1
4/12/2025, 11:40:58 AM GMT+5:30 10: window.closed win1
4/12/2025, 11:43:30 AM GMT+5:30 11: before-quit
4/12/2025, 11:43:30 AM GMT+5:30 12: window.close win2
4/12/2025, 11:43:30 AM GMT+5:30 13: webContents.destroyed web2
4/12/2025, 2:04:04 PM GMT+5:30 0: 

----------------------------------------------
4/12/2025, 2:04:04 PM GMT+5:30 1: Discord starting: {"releaseChannel":"stable","version":"0.0.90"}, modulepath: /home/SamDaaEpic/.config/discord/0.0.90/modules
4/12/2025, 2:04:04 PM GMT+5:30 2: ✅ webContents.created web1 "index.html"
4/12/2025, 2:04:04 PM GMT+5:30 3: ✅ window.created win1 "discord"
4/12/2025, 2:04:04 PM GMT+5:30 4: ✅ webContents.did-finish-load web1
4/12/2025, 2:04:04 PM GMT+5:30 5: ✅ webContents.created web2 ""
4/12/2025, 2:04:04 PM GMT+5:30 6: ✅ window.created win2 "Discord"
4/12/2025, 2:04:06 PM GMT+5:30 7: ✅ webContents.did-finish-load web2
4/12/2025, 2:04:07 PM GMT+5:30 8: window.close win1
4/12/2025, 2:04:07 PM GMT+5:30 9: webContents.destroyed web1
4/12/2025, 2:04:07 PM GMT+5:30 10: window.closed win1
4/12/2025, 2:14:45 PM GMT+5:30 11: before-quit
4/12/2025, 2:14:45 PM GMT+5:30 12: window.close win2
4/12/2025, 2:14:45 PM GMT+5:30 13: webContents.destroyed web2
4/12/2025, 2:14:45 PM GMT+5:30 14: window.closed win2
4/12/2025, 3:21:05 PM GMT+5:30 0: 

----------------------------------------------
4/12/2025, 3:21:05 PM GMT+5:30 1: Discord starting: {"releaseChannel":"stable","version":"0.0.90"}, modulepath: /home/SamDaaEpic/.config/discord/0.0.90/modules
4/12/2025, 3:21:05 PM GMT+5:30 2: ✅ webContents.created web1 "index.html"
4/12/2025, 3:21:05 PM GMT+5:30 3: ✅ window.created win1 "discord"
4/12/2025, 3:21:05 PM GMT+5:30 4: ✅ webContents.did-finish-load web1
4/12/2025, 3:21:06 PM GMT+5:30 5: ✅ webContents.created web2 ""
4/12/2025, 3:21:06 PM GMT+5:30 6: ✅ window.created win2 "Discord"
4/12/2025, 3:21:08 PM GMT+5:30 7: ✅ webContents.did-finish-load web2
4/12/2025, 3:21:08 PM GMT+5:30 8: window.close win1
4/12/2025, 3:21:08 PM GMT+5:30 9: webContents.destroyed web1
4/12/2025, 3:21:08 PM GMT+5:30 10: window.closed win1
4/12/2025, 3:21:29 PM GMT+5:30 11: before-quit
4/12/2025, 3:21:29 PM GMT+5:30 12: window.close win2
4/12/2025, 3:21:29 PM GMT+5:30 13: webContents.destroyed web2
4/12/2025, 3:48:52 PM GMT+5:30 0: 

----------------------------------------------
4/12/2025, 3:48:52 PM GMT+5:30 1: Discord starting: {"releaseChannel":"stable","version":"0.0.90"}, modulepath: /home/SamDaaEpic/.config/discord/0.0.90/modules
4/12/2025, 3:48:52 PM GMT+5:30 2: ✅ webContents.created web1 "index.html"
4/12/2025, 3:48:52 PM GMT+5:30 3: ✅ window.created win1 "discord"
4/12/2025, 3:48:52 PM GMT+5:30 4: ✅ webContents.did-finish-load web1
4/12/2025, 3:48:52 PM GMT+5:30 5: ✅ webContents.created web2 ""
4/12/2025, 3:48:52 PM GMT+5:30 6: ✅ window.created win2 "Discord"
4/12/2025, 3:48:55 PM GMT+5:30 7: ✅ webContents.did-finish-load web2
4/12/2025, 3:48:55 PM GMT+5:30 8: window.close win1
4/12/2025, 3:48:55 PM GMT+5:30 9: webContents.destroyed web1
4/12/2025, 3:48:55 PM GMT+5:30 10: window.closed win1
4/12/2025, 3:48:58 PM GMT+5:30 11: before-quit
4/12/2025, 3:48:59 PM GMT+5:30 12: window.close win2
4/12/2025, 3:48:59 PM GMT+5:30 13: webContents.destroyed web2
4/12/2025, 4:01:55 PM GMT+5:30 0: 

----------------------------------------------
4/12/2025, 4:01:55 PM GMT+5:30 1: Discord starting: {"releaseChannel":"stable","version":"0.0.90"}, modulepath: /home/SamDaaEpic/.config/discord/0.0.90/modules
4/12/2025, 4:01:55 PM GMT+5:30 2: ✅ webContents.created web1 "index.html"
4/12/2025, 4:01:55 PM GMT+5:30 3: ✅ window.created win1 "discord"
4/12/2025, 4:01:55 PM GMT+5:30 4: ✅ webContents.did-finish-load web1
4/12/2025, 4:01:55 PM GMT+5:30 5: ✅ webContents.created web2 ""
4/12/2025, 4:01:55 PM GMT+5:30 6: ✅ window.created win2 "Discord"
4/12/2025, 4:01:57 PM GMT+5:30 7: ✅ webContents.did-finish-load web2
4/12/2025, 4:01:57 PM GMT+5:30 8: window.close win1
4/12/2025, 4:01:57 PM GMT+5:30 9: webContents.destroyed web1
4/12/2025, 4:01:57 PM GMT+5:30 10: window.closed win1
4/12/2025, 5:40:20 PM GMT+5:30 11: before-quit
4/12/2025, 5:40:20 PM GMT+5:30 12: window.close win2
4/12/2025, 5:40:20 PM GMT+5:30 13: webContents.destroyed web2
4/12/2025, 5:40:20 PM GMT+5:30 14: window.closed win2
4/12/2025, 6:15:04 PM GMT+5:30 0: 

----------------------------------------------
4/12/2025, 6:15:04 PM GMT+5:30 1: Discord starting: {"releaseChannel":"stable","version":"0.0.90"}, modulepath: /home/SamDaaEpic/.config/discord/0.0.90/modules
4/12/2025, 6:15:04 PM GMT+5:30 2: ✅ webContents.created web1 "index.html"
4/12/2025, 6:15:04 PM GMT+5:30 3: ✅ window.created win1 "discord"
4/12/2025, 6:15:04 PM GMT+5:30 4: ✅ webContents.did-finish-load web1
4/12/2025, 6:15:04 PM GMT+5:30 5: ✅ webContents.created web2 ""
4/12/2025, 6:15:04 PM GMT+5:30 6: ✅ window.created win2 "Discord"
4/12/2025, 6:15:07 PM GMT+5:30 7: ✅ webContents.did-finish-load web2
4/12/2025, 6:15:07 PM GMT+5:30 8: window.close win1
4/12/2025, 6:15:07 PM GMT+5:30 9: webContents.destroyed web1
4/12/2025, 6:15:07 PM GMT+5:30 10: window.closed win1
4/12/2025, 6:21:02 PM GMT+5:30 11: before-quit
4/12/2025, 6:21:02 PM GMT+5:30 12: window.close win2
4/12/2025, 6:21:02 PM GMT+5:30 13: webContents.destroyed web2
4/12/2025, 6:21:02 PM GMT+5:30 14: window.closed win2
4/12/2025, 6:22:38 PM GMT+5:30 0: 

----------------------------------------------
4/12/2025, 6:22:38 PM GMT+5:30 1: Discord starting: {"releaseChannel":"stable","version":"0.0.90"}, modulepath: /home/SamDaaEpic/.config/discord/0.0.90/modules
4/12/2025, 6:22:38 PM GMT+5:30 2: ✅ webContents.created web1 "index.html"
4/12/2025, 6:22:38 PM GMT+5:30 3: ✅ window.created win1 "discord"
4/12/2025, 6:22:38 PM GMT+5:30 4: ✅ webContents.did-finish-load web1
4/12/2025, 6:22:38 PM GMT+5:30 5: ✅ webContents.created web2 ""
4/12/2025, 6:22:38 PM GMT+5:30 6: ✅ window.created win2 "Discord"
4/12/2025, 6:22:40 PM GMT+5:30 7: ✅ webContents.did-finish-load web2
4/12/2025, 6:22:40 PM GMT+5:30 8: window.close win1
4/12/2025, 6:22:40 PM GMT+5:30 9: webContents.destroyed web1
4/12/2025, 6:22:40 PM GMT+5:30 10: window.closed win1
4/12/2025, 6:22:46 PM GMT+5:30 11: before-quit
4/12/2025, 6:22:46 PM GMT+5:30 12: window.close win2
4/12/2025, 6:22:46 PM GMT+5:30 13: webContents.destroyed web2
4/12/2025, 6:46:12 PM GMT+5:30 0: 

----------------------------------------------
4/12/2025, 6:46:12 PM GMT+5:30 1: Discord starting: {"releaseChannel":"stable","version":"0.0.90"}, modulepath: /home/SamDaaEpic/.config/discord/0.0.90/modules
4/12/2025, 6:46:12 PM GMT+5:30 2: ✅ webContents.created web1 "index.html"
4/12/2025, 6:46:12 PM GMT+5:30 3: ✅ window.created win1 "discord"
4/12/2025, 6:46:12 PM GMT+5:30 4: ✅ webContents.did-finish-load web1
4/12/2025, 6:46:13 PM GMT+5:30 5: ✅ webContents.created web2 ""
4/12/2025, 6:46:13 PM GMT+5:30 6: ✅ window.created win2 "Discord"
4/12/2025, 6:46:15 PM GMT+5:30 7: ✅ webContents.did-finish-load web2
4/12/2025, 6:46:15 PM GMT+5:30 8: window.close win1
4/12/2025, 6:46:15 PM GMT+5:30 9: webContents.destroyed web1
4/12/2025, 6:46:15 PM GMT+5:30 10: window.closed win1
4/12/2025, 6:56:49 PM GMT+5:30 11: before-quit
4/12/2025, 6:56:49 PM GMT+5:30 12: window.close win2
4/12/2025, 6:56:49 PM GMT+5:30 13: webContents.destroyed web2
4/12/2025, 7:11:09 PM GMT+5:30 0: 

----------------------------------------------
4/12/2025, 7:11:09 PM GMT+5:30 1: Discord starting: {"releaseChannel":"stable","version":"0.0.90"}, modulepath: /home/SamDaaEpic/.config/discord/0.0.90/modules
4/12/2025, 7:11:09 PM GMT+5:30 2: ✅ webContents.created web1 "index.html"
4/12/2025, 7:11:09 PM GMT+5:30 3: ✅ window.created win1 "discord"
4/12/2025, 7:11:09 PM GMT+5:30 4: ✅ webContents.did-finish-load web1
4/12/2025, 7:11:09 PM GMT+5:30 5: ✅ webContents.created web2 ""
4/12/2025, 7:11:09 PM GMT+5:30 6: ✅ window.created win2 "Discord"
4/12/2025, 7:11:11 PM GMT+5:30 7: ✅ webContents.did-finish-load web2
4/12/2025, 7:11:11 PM GMT+5:30 8: window.close win1
4/12/2025, 7:11:11 PM GMT+5:30 9: webContents.destroyed web1
4/12/2025, 7:11:11 PM GMT+5:30 10: window.closed win1
4/12/2025, 10:07:28 PM GMT+5:30 11: before-quit
4/12/2025, 10:07:28 PM GMT+5:30 12: window.close win2
4/12/2025, 10:07:28 PM GMT+5:30 13: webContents.destroyed web2
4/12/2025, 10:39:12 PM GMT+5:30 0: 

----------------------------------------------
4/12/2025, 10:39:12 PM GMT+5:30 1: Discord starting: {"releaseChannel":"stable","version":"0.0.90"}, modulepath: /home/SamDaaEpic/.config/discord/0.0.90/modules
4/12/2025, 10:39:12 PM GMT+5:30 2: ✅ webContents.created web1 "index.html"
4/12/2025, 10:39:12 PM GMT+5:30 3: ✅ window.created win1 "discord"
4/12/2025, 10:39:13 PM GMT+5:30 4: ✅ webContents.did-finish-load web1
4/12/2025, 10:39:13 PM GMT+5:30 5: ✅ webContents.created web2 ""
4/12/2025, 10:39:13 PM GMT+5:30 6: ✅ window.created win2 "Discord"
4/12/2025, 10:39:15 PM GMT+5:30 7: ✅ webContents.did-finish-load web2
4/12/2025, 10:39:15 PM GMT+5:30 8: window.close win1
4/12/2025, 10:39:15 PM GMT+5:30 9: webContents.destroyed web1
4/12/2025, 10:39:15 PM GMT+5:30 10: window.closed win1
4/12/2025, 10:44:44 PM GMT+5:30 11: before-quit
4/12/2025, 10:44:44 PM GMT+5:30 12: window.close win2
4/12/2025, 10:44:44 PM GMT+5:30 13: webContents.destroyed web2
4/12/2025, 10:44:44 PM GMT+5:30 14: window.closed win2
4/13/2025, 9:27:50 AM GMT+5:30 0: 

----------------------------------------------
4/13/2025, 9:27:50 AM GMT+5:30 1: Discord starting: {"releaseChannel":"stable","version":"0.0.90"}, modulepath: /home/SamDaaEpic/.config/discord/0.0.90/modules
4/13/2025, 9:27:50 AM GMT+5:30 2: ✅ webContents.created web1 "index.html"
4/13/2025, 9:27:50 AM GMT+5:30 3: ✅ window.created win1 "discord"
4/13/2025, 9:27:50 AM GMT+5:30 4: ✅ webContents.did-finish-load web1
4/13/2025, 9:27:51 AM GMT+5:30 5: ✅ webContents.created web2 ""
4/13/2025, 9:27:51 AM GMT+5:30 6: ✅ window.created win2 "Discord"
4/13/2025, 9:27:53 AM GMT+5:30 7: ✅ webContents.did-finish-load web2
4/13/2025, 9:27:53 AM GMT+5:30 8: window.close win1
4/13/2025, 9:27:53 AM GMT+5:30 9: webContents.destroyed web1
4/13/2025, 9:27:53 AM GMT+5:30 10: window.closed win1
4/13/2025, 9:36:45 AM GMT+5:30 11: before-quit
4/13/2025, 9:36:45 AM GMT+5:30 12: window.close win2
4/13/2025, 9:36:45 AM GMT+5:30 13: webContents.destroyed web2
4/13/2025, 10:16:08 AM GMT+5:30 0: 

----------------------------------------------
4/13/2025, 10:16:08 AM GMT+5:30 1: Discord starting: {"releaseChannel":"stable","version":"0.0.90"}, modulepath: /home/SamDaaEpic/.config/discord/0.0.90/modules
4/13/2025, 10:16:08 AM GMT+5:30 2: ✅ webContents.created web1 "index.html"
4/13/2025, 10:16:08 AM GMT+5:30 3: ✅ window.created win1 "discord"
4/13/2025, 10:16:08 AM GMT+5:30 4: ✅ webContents.did-finish-load web1
4/13/2025, 10:16:09 AM GMT+5:30 5: ✅ webContents.created web2 ""
4/13/2025, 10:16:09 AM GMT+5:30 6: ✅ window.created win2 "Discord"
4/13/2025, 10:16:11 AM GMT+5:30 7: ✅ webContents.did-finish-load web2
4/13/2025, 10:16:11 AM GMT+5:30 8: window.close win1
4/13/2025, 10:16:11 AM GMT+5:30 9: webContents.destroyed web1
4/13/2025, 10:16:11 AM GMT+5:30 10: window.closed win1
4/13/2025, 10:16:46 AM GMT+5:30 11: before-quit
4/13/2025, 10:16:46 AM GMT+5:30 12: window.close win2
4/13/2025, 10:16:46 AM GMT+5:30 13: webContents.destroyed web2
4/13/2025, 11:01:08 AM GMT+5:30 0: 

----------------------------------------------
4/13/2025, 11:01:08 AM GMT+5:30 1: Discord starting: {"releaseChannel":"stable","version":"0.0.90"}, modulepath: /home/SamDaaEpic/.config/discord/0.0.90/modules
4/13/2025, 11:01:08 AM GMT+5:30 2: ✅ webContents.created web1 "index.html"
4/13/2025, 11:01:08 AM GMT+5:30 3: ✅ window.created win1 "discord"
4/13/2025, 11:01:08 AM GMT+5:30 4: ✅ webContents.did-finish-load web1
4/13/2025, 11:01:09 AM GMT+5:30 5: ✅ webContents.created web2 ""
4/13/2025, 11:01:09 AM GMT+5:30 6: ✅ window.created win2 "Discord"
4/13/2025, 11:01:11 AM GMT+5:30 7: ✅ webContents.did-finish-load web2
4/13/2025, 11:01:11 AM GMT+5:30 8: window.close win1
4/13/2025, 11:01:11 AM GMT+5:30 9: webContents.destroyed web1
4/13/2025, 11:01:11 AM GMT+5:30 10: window.closed win1
4/13/2025, 11:01:52 AM GMT+5:30 11: before-quit
4/13/2025, 11:01:52 AM GMT+5:30 12: window.close win2
4/13/2025, 11:01:52 AM GMT+5:30 13: webContents.destroyed web2
4/13/2025, 11:01:52 AM GMT+5:30 14: window.closed win2
4/13/2025, 11:09:00 AM GMT+5:30 0: 

----------------------------------------------
4/13/2025, 11:09:00 AM GMT+5:30 1: Discord starting: {"releaseChannel":"stable","version":"0.0.90"}, modulepath: /home/SamDaaEpic/.config/discord/0.0.90/modules
4/13/2025, 11:09:00 AM GMT+5:30 2: ✅ webContents.created web1 "index.html"
4/13/2025, 11:09:00 AM GMT+5:30 3: ✅ window.created win1 "discord"
4/13/2025, 11:09:01 AM GMT+5:30 4: ✅ webContents.did-finish-load web1
4/13/2025, 11:09:01 AM GMT+5:30 5: ✅ webContents.created web2 ""
4/13/2025, 11:09:01 AM GMT+5:30 6: ✅ window.created win2 "Discord"
4/13/2025, 11:09:03 AM GMT+5:30 7: ✅ webContents.did-finish-load web2
4/13/2025, 11:09:03 AM GMT+5:30 8: window.close win1
4/13/2025, 11:09:03 AM GMT+5:30 9: webContents.destroyed web1
4/13/2025, 11:09:03 AM GMT+5:30 10: window.closed win1
4/13/2025, 11:26:05 AM GMT+5:30 11: before-quit
4/13/2025, 11:26:05 AM GMT+5:30 12: window.close win2
4/13/2025, 11:26:05 AM GMT+5:30 13: webContents.destroyed web2
4/13/2025, 11:26:05 AM GMT+5:30 14: window.closed win2
4/13/2025, 11:28:40 AM GMT+5:30 0: 

----------------------------------------------
4/13/2025, 11:28:40 AM GMT+5:30 1: Discord starting: {"releaseChannel":"stable","version":"0.0.90"}, modulepath: /home/SamDaaEpic/.config/discord/0.0.90/modules
4/13/2025, 11:28:40 AM GMT+5:30 2: ✅ webContents.created web1 "index.html"
4/13/2025, 11:28:40 AM GMT+5:30 3: ✅ window.created win1 "discord"
4/13/2025, 11:28:40 AM GMT+5:30 4: ✅ webContents.did-finish-load web1
4/13/2025, 11:28:41 AM GMT+5:30 5: ✅ webContents.created web2 ""
4/13/2025, 11:28:41 AM GMT+5:30 6: ✅ window.created win2 "Discord"
4/13/2025, 11:28:44 AM GMT+5:30 7: ✅ webContents.did-finish-load web2
4/13/2025, 11:28:44 AM GMT+5:30 8: window.close win1
4/13/2025, 11:28:44 AM GMT+5:30 9: webContents.destroyed web1
4/13/2025, 11:28:44 AM GMT+5:30 10: window.closed win1
4/13/2025, 11:32:35 AM GMT+5:30 11: before-quit
4/13/2025, 11:32:35 AM GMT+5:30 12: window.close win2
4/13/2025, 11:32:35 AM GMT+5:30 13: webContents.destroyed web2
4/13/2025, 11:40:35 AM GMT+5:30 0: 

----------------------------------------------
4/13/2025, 11:40:35 AM GMT+5:30 1: Discord starting: {"releaseChannel":"stable","version":"0.0.90"}, modulepath: /home/SamDaaEpic/.config/discord/0.0.90/modules
4/13/2025, 11:40:35 AM GMT+5:30 2: ✅ webContents.created web1 "index.html"
4/13/2025, 11:40:35 AM GMT+5:30 3: ✅ window.created win1 "discord"
4/13/2025, 11:40:36 AM GMT+5:30 4: ✅ webContents.did-finish-load web1
4/13/2025, 11:40:36 AM GMT+5:30 5: ✅ webContents.created web2 ""
4/13/2025, 11:40:36 AM GMT+5:30 6: ✅ window.created win2 "Discord"
4/13/2025, 11:40:39 AM GMT+5:30 7: ✅ webContents.did-finish-load web2
4/13/2025, 11:40:39 AM GMT+5:30 8: window.close win1
4/13/2025, 11:40:39 AM GMT+5:30 9: webContents.destroyed web1
4/13/2025, 11:40:39 AM GMT+5:30 10: window.closed win1
4/13/2025, 11:41:07 AM GMT+5:30 11: before-quit
4/13/2025, 11:41:07 AM GMT+5:30 12: window.close win2
4/13/2025, 11:41:07 AM GMT+5:30 13: webContents.destroyed web2
4/13/2025, 12:36:55 PM GMT+5:30 0: 

----------------------------------------------
4/13/2025, 12:36:55 PM GMT+5:30 1: Discord starting: {"releaseChannel":"stable","version":"0.0.90"}, modulepath: /home/SamDaaEpic/.config/discord/0.0.90/modules
4/13/2025, 12:36:55 PM GMT+5:30 2: ✅ webContents.created web1 "index.html"
4/13/2025, 12:36:55 PM GMT+5:30 3: ✅ window.created win1 "discord"
4/13/2025, 12:36:55 PM GMT+5:30 4: ✅ webContents.did-finish-load web1
4/13/2025, 12:36:56 PM GMT+5:30 5: ✅ webContents.created web2 ""
4/13/2025, 12:36:56 PM GMT+5:30 6: ✅ window.created win2 "Discord"
4/13/2025, 12:36:59 PM GMT+5:30 7: ✅ webContents.did-finish-load web2
4/13/2025, 12:37:00 PM GMT+5:30 8: window.close win1
4/13/2025, 12:37:00 PM GMT+5:30 9: webContents.destroyed web1
4/13/2025, 12:37:00 PM GMT+5:30 10: window.closed win1
4/13/2025, 12:37:07 PM GMT+5:30 11: before-quit
4/13/2025, 12:37:07 PM GMT+5:30 12: window.close win2
4/13/2025, 12:37:07 PM GMT+5:30 13: webContents.destroyed web2
4/13/2025, 12:37:07 PM GMT+5:30 14: window.closed win2
4/13/2025, 12:41:51 PM GMT+5:30 0: 

----------------------------------------------
4/13/2025, 12:41:51 PM GMT+5:30 1: Discord starting: {"releaseChannel":"stable","version":"0.0.90"}, modulepath: /home/SamDaaEpic/.config/discord/0.0.90/modules
4/13/2025, 12:41:51 PM GMT+5:30 2: ✅ webContents.created web1 "index.html"
4/13/2025, 12:41:51 PM GMT+5:30 3: ✅ window.created win1 "discord"
4/13/2025, 12:41:52 PM GMT+5:30 4: ✅ webContents.did-finish-load web1
4/13/2025, 12:41:52 PM GMT+5:30 5: ✅ webContents.created web2 ""
4/13/2025, 12:41:52 PM GMT+5:30 6: ✅ window.created win2 "Discord"
4/13/2025, 12:41:55 PM GMT+5:30 7: ✅ webContents.did-finish-load web2
4/13/2025, 12:41:55 PM GMT+5:30 8: window.close win1
4/13/2025, 12:41:55 PM GMT+5:30 9: webContents.destroyed web1
4/13/2025, 12:41:55 PM GMT+5:30 10: window.closed win1
4/13/2025, 1:35:20 PM GMT+5:30 11: before-quit
4/13/2025, 1:35:20 PM GMT+5:30 12: window.close win2
4/13/2025, 1:35:20 PM GMT+5:30 13: webContents.destroyed web2
4/13/2025, 2:00:37 PM GMT+5:30 0: 

----------------------------------------------
4/13/2025, 2:00:37 PM GMT+5:30 1: Discord starting: {"releaseChannel":"stable","version":"0.0.90"}, modulepath: /home/SamDaaEpic/.config/discord/0.0.90/modules
4/13/2025, 2:00:37 PM GMT+5:30 2: ✅ webContents.created web1 "index.html"
4/13/2025, 2:00:37 PM GMT+5:30 3: ✅ window.created win1 "discord"
4/13/2025, 2:00:37 PM GMT+5:30 4: ✅ webContents.did-finish-load web1
4/13/2025, 2:00:38 PM GMT+5:30 5: ✅ webContents.created web2 ""
4/13/2025, 2:00:38 PM GMT+5:30 6: ✅ window.created win2 "Discord"
4/13/2025, 2:00:40 PM GMT+5:30 7: ✅ webContents.did-finish-load web2
4/13/2025, 2:00:40 PM GMT+5:30 8: window.close win1
4/13/2025, 2:00:40 PM GMT+5:30 9: webContents.destroyed web1
4/13/2025, 2:00:40 PM GMT+5:30 10: window.closed win1
4/13/2025, 2:00:51 PM GMT+5:30 11: before-quit
4/13/2025, 2:00:51 PM GMT+5:30 12: window.close win2
4/13/2025, 2:00:51 PM GMT+5:30 13: webContents.destroyed web2
4/13/2025, 2:00:51 PM GMT+5:30 14: window.closed win2
4/13/2025, 2:19:50 PM GMT+5:30 0: 

----------------------------------------------
4/13/2025, 2:19:50 PM GMT+5:30 1: Discord starting: {"releaseChannel":"stable","version":"0.0.90"}, modulepath: /home/SamDaaEpic/.config/discord/0.0.90/modules
4/13/2025, 2:19:50 PM GMT+5:30 2: ✅ webContents.created web1 "index.html"
4/13/2025, 2:19:50 PM GMT+5:30 3: ✅ window.created win1 "discord"
4/13/2025, 2:19:50 PM GMT+5:30 4: ✅ webContents.did-finish-load web1
4/13/2025, 2:19:50 PM GMT+5:30 5: ✅ webContents.created web2 ""
4/13/2025, 2:19:50 PM GMT+5:30 6: ✅ window.created win2 "Discord"
4/13/2025, 2:19:53 PM GMT+5:30 7: ✅ webContents.did-finish-load web2
4/13/2025, 2:19:53 PM GMT+5:30 8: window.close win1
4/13/2025, 2:19:53 PM GMT+5:30 9: webContents.destroyed web1
4/13/2025, 2:19:53 PM GMT+5:30 10: window.closed win1
4/13/2025, 3:00:45 PM GMT+5:30 11: before-quit
4/13/2025, 3:00:45 PM GMT+5:30 12: window.close win2
4/13/2025, 3:00:45 PM GMT+5:30 13: webContents.destroyed web2
4/13/2025, 3:01:42 PM GMT+5:30 0: 

----------------------------------------------
4/13/2025, 3:01:42 PM GMT+5:30 1: Discord starting: {"releaseChannel":"stable","version":"0.0.90"}, modulepath: /home/SamDaaEpic/.config/discord/0.0.90/modules
4/13/2025, 3:01:42 PM GMT+5:30 2: ✅ webContents.created web1 "index.html"
4/13/2025, 3:01:42 PM GMT+5:30 3: ✅ window.created win1 "discord"
4/13/2025, 3:01:43 PM GMT+5:30 4: ✅ webContents.did-finish-load web1
4/13/2025, 3:01:43 PM GMT+5:30 5: ✅ webContents.created web2 ""
4/13/2025, 3:01:43 PM GMT+5:30 6: ✅ window.created win2 "Discord"
4/13/2025, 3:01:45 PM GMT+5:30 7: ✅ webContents.did-finish-load web2
4/13/2025, 3:01:45 PM GMT+5:30 8: window.close win1
4/13/2025, 3:01:45 PM GMT+5:30 9: webContents.destroyed web1
4/13/2025, 3:01:45 PM GMT+5:30 10: window.closed win1
4/13/2025, 3:02:01 PM GMT+5:30 11: before-quit
4/13/2025, 3:02:01 PM GMT+5:30 12: window.close win2
4/13/2025, 3:02:01 PM GMT+5:30 13: webContents.destroyed web2
4/13/2025, 3:02:24 PM GMT+5:30 0: 

----------------------------------------------
4/13/2025, 3:02:24 PM GMT+5:30 1: Discord starting: {"releaseChannel":"stable","version":"0.0.90"}, modulepath: /home/SamDaaEpic/.config/discord/0.0.90/modules
4/13/2025, 3:02:24 PM GMT+5:30 2: ✅ webContents.created web1 "index.html"
4/13/2025, 3:02:24 PM GMT+5:30 3: ✅ window.created win1 "discord"
4/13/2025, 3:02:24 PM GMT+5:30 4: ✅ webContents.did-finish-load web1
4/13/2025, 3:02:24 PM GMT+5:30 5: ✅ webContents.created web2 ""
4/13/2025, 3:02:24 PM GMT+5:30 6: ✅ window.created win2 "Discord"
4/13/2025, 3:02:26 PM GMT+5:30 7: ✅ webContents.did-finish-load web2
4/13/2025, 3:02:26 PM GMT+5:30 8: window.close win1
4/13/2025, 3:02:26 PM GMT+5:30 9: webContents.destroyed web1
4/13/2025, 3:02:26 PM GMT+5:30 10: window.closed win1
4/13/2025, 3:13:08 PM GMT+5:30 11: before-quit
4/13/2025, 3:13:08 PM GMT+5:30 12: window.close win2
4/13/2025, 3:13:08 PM GMT+5:30 13: webContents.destroyed web2
4/13/2025, 3:20:34 PM GMT+5:30 0: 

----------------------------------------------
4/13/2025, 3:20:34 PM GMT+5:30 1: Discord starting: {"releaseChannel":"stable","version":"0.0.90"}, modulepath: /home/SamDaaEpic/.config/discord/0.0.90/modules
4/13/2025, 3:20:34 PM GMT+5:30 2: ✅ webContents.created web1 "index.html"
4/13/2025, 3:20:34 PM GMT+5:30 3: ✅ window.created win1 "discord"
4/13/2025, 3:20:35 PM GMT+5:30 4: ✅ webContents.did-finish-load web1
4/13/2025, 3:20:35 PM GMT+5:30 5: ✅ webContents.created web2 ""
4/13/2025, 3:20:35 PM GMT+5:30 6: ✅ window.created win2 "Discord"
4/13/2025, 3:20:37 PM GMT+5:30 7: ✅ webContents.did-finish-load web2
4/13/2025, 3:20:37 PM GMT+5:30 8: window.close win1
4/13/2025, 3:20:37 PM GMT+5:30 9: webContents.destroyed web1
4/13/2025, 3:20:37 PM GMT+5:30 10: window.closed win1
4/13/2025, 3:21:32 PM GMT+5:30 11: before-quit
4/13/2025, 3:21:32 PM GMT+5:30 12: window.close win2
4/13/2025, 3:21:32 PM GMT+5:30 13: webContents.destroyed web2
4/13/2025, 3:21:32 PM GMT+5:30 14: window.closed win2
4/13/2025, 3:25:13 PM GMT+5:30 0: 

----------------------------------------------
4/13/2025, 3:25:13 PM GMT+5:30 1: Discord starting: {"releaseChannel":"stable","version":"0.0.90"}, modulepath: /home/SamDaaEpic/.config/discord/0.0.90/modules
4/13/2025, 3:25:13 PM GMT+5:30 2: ✅ webContents.created web1 "index.html"
4/13/2025, 3:25:13 PM GMT+5:30 3: ✅ window.created win1 "discord"
4/13/2025, 3:25:13 PM GMT+5:30 4: ✅ webContents.did-finish-load web1
4/13/2025, 3:25:13 PM GMT+5:30 5: ✅ webContents.created web2 ""
4/13/2025, 3:25:13 PM GMT+5:30 6: ✅ window.created win2 "Discord"
4/13/2025, 3:25:15 PM GMT+5:30 7: ✅ webContents.did-finish-load web2
4/13/2025, 3:25:15 PM GMT+5:30 8: window.close win1
4/13/2025, 3:25:16 PM GMT+5:30 9: webContents.destroyed web1
4/13/2025, 3:25:16 PM GMT+5:30 10: window.closed win1
4/13/2025, 5:02:25 PM GMT+5:30 11: before-quit
4/13/2025, 5:02:25 PM GMT+5:30 12: window.close win2
4/13/2025, 5:02:25 PM GMT+5:30 13: webContents.destroyed web2
4/13/2025, 5:51:32 PM GMT+5:30 0: 

----------------------------------------------
4/13/2025, 5:51:32 PM GMT+5:30 1: Discord starting: {"releaseChannel":"stable","version":"0.0.90"}, modulepath: /home/SamDaaEpic/.config/discord/0.0.90/modules
4/13/2025, 5:51:32 PM GMT+5:30 2: ✅ webContents.created web1 "index.html"
4/13/2025, 5:51:32 PM GMT+5:30 3: ✅ window.created win1 "discord"
4/13/2025, 5:51:33 PM GMT+5:30 4: ✅ webContents.did-finish-load web1
4/13/2025, 5:51:33 PM GMT+5:30 5: ✅ webContents.created web2 ""
4/13/2025, 5:51:33 PM GMT+5:30 6: ✅ window.created win2 "Discord"
4/13/2025, 5:51:35 PM GMT+5:30 7: ✅ webContents.did-finish-load web2
4/13/2025, 5:51:35 PM GMT+5:30 8: window.close win1
4/13/2025, 5:51:35 PM GMT+5:30 9: webContents.destroyed web1
4/13/2025, 5:51:35 PM GMT+5:30 10: window.closed win1
4/13/2025, 5:54:43 PM GMT+5:30 11: before-quit
4/13/2025, 5:54:43 PM GMT+5:30 12: window.close win2
4/13/2025, 5:54:43 PM GMT+5:30 13: webContents.destroyed web2
4/13/2025, 6:23:46 PM GMT+5:30 0: 

----------------------------------------------
4/13/2025, 6:23:46 PM GMT+5:30 1: Discord starting: {"releaseChannel":"stable","version":"0.0.90"}, modulepath: /home/SamDaaEpic/.config/discord/0.0.90/modules
4/13/2025, 6:23:46 PM GMT+5:30 2: ✅ webContents.created web1 "index.html"
4/13/2025, 6:23:46 PM GMT+5:30 3: ✅ window.created win1 "discord"
4/13/2025, 6:23:46 PM GMT+5:30 4: ✅ webContents.did-finish-load web1
4/13/2025, 6:23:46 PM GMT+5:30 5: ✅ webContents.created web2 ""
4/13/2025, 6:23:46 PM GMT+5:30 6: ✅ window.created win2 "Discord"
4/13/2025, 6:23:48 PM GMT+5:30 7: ✅ webContents.did-finish-load web2
4/13/2025, 6:23:48 PM GMT+5:30 8: window.close win1
4/13/2025, 6:23:48 PM GMT+5:30 9: webContents.destroyed web1
4/13/2025, 6:23:48 PM GMT+5:30 10: window.closed win1
4/13/2025, 6:24:22 PM GMT+5:30 11: before-quit
4/13/2025, 6:24:22 PM GMT+5:30 12: window.close win2
4/13/2025, 6:24:22 PM GMT+5:30 13: webContents.destroyed web2
4/13/2025, 6:42:58 PM GMT+5:30 0: 

----------------------------------------------
4/13/2025, 6:42:58 PM GMT+5:30 1: Discord starting: {"releaseChannel":"stable","version":"0.0.90"}, modulepath: /home/SamDaaEpic/.config/discord/0.0.90/modules
4/13/2025, 6:42:58 PM GMT+5:30 2: ✅ webContents.created web1 "index.html"
4/13/2025, 6:42:58 PM GMT+5:30 3: ✅ window.created win1 "discord"
4/13/2025, 6:42:58 PM GMT+5:30 4: ✅ webContents.did-finish-load web1
4/13/2025, 6:42:59 PM GMT+5:30 5: ✅ webContents.created web2 ""
4/13/2025, 6:42:59 PM GMT+5:30 6: ✅ window.created win2 "Discord"
4/13/2025, 6:43:01 PM GMT+5:30 7: ✅ webContents.did-finish-load web2
4/13/2025, 6:43:01 PM GMT+5:30 8: window.close win1
4/13/2025, 6:43:01 PM GMT+5:30 9: webContents.destroyed web1
4/13/2025, 6:43:01 PM GMT+5:30 10: window.closed win1
4/13/2025, 6:43:11 PM GMT+5:30 11: before-quit
4/13/2025, 6:43:11 PM GMT+5:30 12: window.close win2
4/13/2025, 6:43:11 PM GMT+5:30 13: webContents.destroyed web2
4/13/2025, 6:45:51 PM GMT+5:30 0: 

----------------------------------------------
4/13/2025, 6:45:51 PM GMT+5:30 1: Discord starting: {"releaseChannel":"stable","version":"0.0.90"}, modulepath: /home/SamDaaEpic/.config/discord/0.0.90/modules
4/13/2025, 6:45:51 PM GMT+5:30 2: ✅ webContents.created web1 "index.html"
4/13/2025, 6:45:51 PM GMT+5:30 3: ✅ window.created win1 "discord"
4/13/2025, 6:45:51 PM GMT+5:30 4: ✅ webContents.did-finish-load web1
4/13/2025, 6:45:52 PM GMT+5:30 5: ✅ webContents.created web2 ""
4/13/2025, 6:45:52 PM GMT+5:30 6: ✅ window.created win2 "Discord"
4/13/2025, 6:45:54 PM GMT+5:30 7: ✅ webContents.did-finish-load web2
4/13/2025, 6:45:54 PM GMT+5:30 8: window.close win1
4/13/2025, 6:45:54 PM GMT+5:30 9: webContents.destroyed web1
4/13/2025, 6:45:54 PM GMT+5:30 10: window.closed win1
4/13/2025, 6:50:27 PM GMT+5:30 11: before-quit
4/13/2025, 6:50:27 PM GMT+5:30 12: window.close win2
4/13/2025, 6:50:27 PM GMT+5:30 13: webContents.destroyed web2
4/13/2025, 8:13:29 PM GMT+5:30 0: 

----------------------------------------------
4/13/2025, 8:13:29 PM GMT+5:30 1: Discord starting: {"releaseChannel":"stable","version":"0.0.90"}, modulepath: /home/SamDaaEpic/.config/discord/0.0.90/modules
4/13/2025, 8:13:29 PM GMT+5:30 2: ✅ webContents.created web1 "index.html"
4/13/2025, 8:13:29 PM GMT+5:30 3: ✅ window.created win1 "discord"
4/13/2025, 8:13:29 PM GMT+5:30 4: ✅ webContents.did-finish-load web1
4/13/2025, 8:13:30 PM GMT+5:30 5: ✅ webContents.created web2 ""
4/13/2025, 8:13:30 PM GMT+5:30 6: ✅ window.created win2 "Discord"
4/13/2025, 8:13:32 PM GMT+5:30 7: ✅ webContents.did-finish-load web2
4/13/2025, 8:13:32 PM GMT+5:30 8: window.close win1
4/13/2025, 8:13:32 PM GMT+5:30 9: webContents.destroyed web1
4/13/2025, 8:13:32 PM GMT+5:30 10: window.closed win1
4/13/2025, 8:16:08 PM GMT+5:30 11: before-quit
4/13/2025, 8:16:08 PM GMT+5:30 12: window.close win2
4/13/2025, 8:16:08 PM GMT+5:30 13: webContents.destroyed web2
4/13/2025, 8:16:08 PM GMT+5:30 14: window.closed win2
4/13/2025, 9:03:31 PM GMT+5:30 0: 

----------------------------------------------
4/13/2025, 9:03:31 PM GMT+5:30 1: Discord starting: {"releaseChannel":"stable","version":"0.0.90"}, modulepath: /home/SamDaaEpic/.config/discord/0.0.90/modules
4/13/2025, 9:03:31 PM GMT+5:30 2: ✅ webContents.created web1 "index.html"
4/13/2025, 9:03:31 PM GMT+5:30 3: ✅ window.created win1 "discord"
4/13/2025, 9:03:31 PM GMT+5:30 4: ✅ webContents.did-finish-load web1
4/13/2025, 9:03:32 PM GMT+5:30 5: ✅ webContents.created web2 ""
4/13/2025, 9:03:32 PM GMT+5:30 6: ✅ window.created win2 "Discord"
4/13/2025, 9:03:34 PM GMT+5:30 7: ✅ webContents.did-finish-load web2
4/13/2025, 9:03:34 PM GMT+5:30 8: window.close win1
4/13/2025, 9:03:34 PM GMT+5:30 9: webContents.destroyed web1
4/13/2025, 9:03:34 PM GMT+5:30 10: window.closed win1
4/13/2025, 9:03:41 PM GMT+5:30 11: before-quit
4/13/2025, 9:03:41 PM GMT+5:30 12: window.close win2
4/13/2025, 9:03:41 PM GMT+5:30 13: webContents.destroyed web2
4/13/2025, 9:07:48 PM GMT+5:30 0: 

----------------------------------------------
4/13/2025, 9:07:48 PM GMT+5:30 1: Discord starting: {"releaseChannel":"stable","version":"0.0.90"}, modulepath: /home/SamDaaEpic/.config/discord/0.0.90/modules
4/13/2025, 9:07:48 PM GMT+5:30 2: ✅ webContents.created web1 "index.html"
4/13/2025, 9:07:48 PM GMT+5:30 3: ✅ window.created win1 "discord"
4/13/2025, 9:07:48 PM GMT+5:30 4: ✅ webContents.did-finish-load web1
4/13/2025, 9:07:49 PM GMT+5:30 5: ✅ webContents.created web2 ""
4/13/2025, 9:07:49 PM GMT+5:30 6: ✅ window.created win2 "Discord"
4/13/2025, 9:07:51 PM GMT+5:30 7: ✅ webContents.did-finish-load web2
4/13/2025, 9:07:51 PM GMT+5:30 8: window.close win1
4/13/2025, 9:07:51 PM GMT+5:30 9: webContents.destroyed web1
4/13/2025, 9:07:51 PM GMT+5:30 10: window.closed win1
4/13/2025, 11:19:44 PM GMT+5:30 11: before-quit
4/13/2025, 11:19:44 PM GMT+5:30 12: window.close win2
4/13/2025, 11:19:44 PM GMT+5:30 13: webContents.destroyed web2
4/13/2025, 11:19:44 PM GMT+5:30 14: window.closed win2
4/14/2025, 9:33:01 AM GMT+5:30 0: 

----------------------------------------------
4/14/2025, 9:33:01 AM GMT+5:30 1: Discord starting: {"releaseChannel":"stable","version":"0.0.90"}, modulepath: /home/SamDaaEpic/.config/discord/0.0.90/modules
4/14/2025, 9:33:01 AM GMT+5:30 2: ✅ webContents.created web1 "index.html"
4/14/2025, 9:33:01 AM GMT+5:30 3: ✅ window.created win1 "discord"
4/14/2025, 9:33:01 AM GMT+5:30 4: ✅ webContents.did-finish-load web1
4/14/2025, 9:33:01 AM GMT+5:30 5: ✅ webContents.created web2 ""
4/14/2025, 9:33:01 AM GMT+5:30 6: ✅ window.created win2 "Discord"
4/14/2025, 9:33:03 AM GMT+5:30 7: ✅ webContents.did-finish-load web2
4/14/2025, 9:33:03 AM GMT+5:30 8: window.close win1
4/14/2025, 9:33:03 AM GMT+5:30 9: webContents.destroyed web1
4/14/2025, 9:33:03 AM GMT+5:30 10: window.closed win1
4/14/2025, 9:34:07 AM GMT+5:30 11: before-quit
4/14/2025, 9:34:07 AM GMT+5:30 12: window.close win2
4/14/2025, 9:34:07 AM GMT+5:30 13: webContents.destroyed web2
4/14/2025, 10:14:19 AM GMT+5:30 0: 

----------------------------------------------
4/14/2025, 10:14:19 AM GMT+5:30 1: Discord starting: {"releaseChannel":"stable","version":"0.0.90"}, modulepath: /home/SamDaaEpic/.config/discord/0.0.90/modules
4/14/2025, 10:14:19 AM GMT+5:30 2: ✅ webContents.created web1 "index.html"
4/14/2025, 10:14:19 AM GMT+5:30 3: ✅ window.created win1 "discord"
4/14/2025, 10:14:19 AM GMT+5:30 4: ✅ webContents.did-finish-load web1
4/14/2025, 10:14:19 AM GMT+5:30 5: ✅ webContents.created web2 ""
4/14/2025, 10:14:19 AM GMT+5:30 6: ✅ window.created win2 "Discord"
4/14/2025, 10:14:22 AM GMT+5:30 7: ✅ webContents.did-finish-load web2
4/14/2025, 10:14:22 AM GMT+5:30 8: window.close win1
4/14/2025, 10:14:22 AM GMT+5:30 9: webContents.destroyed web1
4/14/2025, 10:14:22 AM GMT+5:30 10: window.closed win1
4/14/2025, 10:14:26 AM GMT+5:30 11: before-quit
4/14/2025, 10:14:26 AM GMT+5:30 12: window.close win2
4/14/2025, 10:14:26 AM GMT+5:30 13: webContents.destroyed web2
4/14/2025, 10:14:26 AM GMT+5:30 14: window.closed win2
4/14/2025, 10:46:22 AM GMT+5:30 0: 

----------------------------------------------
4/14/2025, 10:46:22 AM GMT+5:30 1: Discord starting: {"releaseChannel":"stable","version":"0.0.90"}, modulepath: /home/SamDaaEpic/.config/discord/0.0.90/modules
4/14/2025, 10:46:22 AM GMT+5:30 2: ✅ webContents.created web1 "index.html"
4/14/2025, 10:46:22 AM GMT+5:30 3: ✅ window.created win1 "discord"
4/14/2025, 10:46:22 AM GMT+5:30 4: ✅ webContents.did-finish-load web1
4/14/2025, 10:46:23 AM GMT+5:30 5: ✅ webContents.created web2 ""
4/14/2025, 10:46:23 AM GMT+5:30 6: ✅ window.created win2 "Discord"
4/14/2025, 10:46:26 AM GMT+5:30 7: ✅ webContents.did-finish-load web2
4/14/2025, 10:46:26 AM GMT+5:30 8: window.close win1
4/14/2025, 10:46:26 AM GMT+5:30 9: webContents.destroyed web1
4/14/2025, 10:46:26 AM GMT+5:30 10: window.closed win1
4/14/2025, 11:19:31 AM GMT+5:30 11: before-quit
4/14/2025, 11:19:31 AM GMT+5:30 12: window.close win2
4/14/2025, 11:19:31 AM GMT+5:30 13: webContents.destroyed web2
